Component: Arm Compiler for Embedded 6.24 Tool: armlink [5f371500]

==============================================================================

Section Cross References

    startup_stm32f103xb.o(STACK) refers (Special) to heapauxi.o(.text) for __use_two_region_memory
    startup_stm32f103xb.o(HEAP) refers (Special) to heapauxi.o(.text) for __use_two_region_memory
    startup_stm32f103xb.o(RESET) refers (Special) to heapauxi.o(.text) for __use_two_region_memory
    startup_stm32f103xb.o(RESET) refers to startup_stm32f103xb.o(STACK) for __initial_sp
    startup_stm32f103xb.o(RESET) refers to startup_stm32f103xb.o(.text) for Reset_Handler
    startup_stm32f103xb.o(RESET) refers to stm32f1xx_it.o(.text.NMI_Handler) for NMI_Handler
    startup_stm32f103xb.o(RESET) refers to stm32f1xx_it.o(.text.HardFault_Handler) for HardFault_Handler
    startup_stm32f103xb.o(RESET) refers to stm32f1xx_it.o(.text.MemManage_Handler) for MemManage_Handler
    startup_stm32f103xb.o(RESET) refers to stm32f1xx_it.o(.text.BusFault_Handler) for BusFault_Handler
    startup_stm32f103xb.o(RESET) refers to stm32f1xx_it.o(.text.UsageFault_Handler) for UsageFault_Handler
    startup_stm32f103xb.o(RESET) refers to stm32f1xx_it.o(.text.SVC_Handler) for SVC_Handler
    startup_stm32f103xb.o(RESET) refers to stm32f1xx_it.o(.text.DebugMon_Handler) for DebugMon_Handler
    startup_stm32f103xb.o(RESET) refers to stm32f1xx_it.o(.text.PendSV_Handler) for PendSV_Handler
    startup_stm32f103xb.o(RESET) refers to stm32f1xx_it.o(.text.SysTick_Handler) for SysTick_Handler
    startup_stm32f103xb.o(RESET) refers to stm32f1xx_it.o(.text.TIM1_UP_IRQHandler) for TIM1_UP_IRQHandler
    startup_stm32f103xb.o(.text) refers (Special) to heapauxi.o(.text) for __use_two_region_memory
    startup_stm32f103xb.o(.text) refers to system_stm32f1xx.o(.text.SystemInit) for SystemInit
    startup_stm32f103xb.o(.text) refers to __main.o(!!!main) for __main
    startup_stm32f103xb.o(.text) refers to startup_stm32f103xb.o(HEAP) for Heap_Mem
    startup_stm32f103xb.o(.text) refers to startup_stm32f103xb.o(STACK) for Stack_Mem
    main.o(.text.HAL_SYSTICK_Callback) refers to gyro_6500.o(.text.MPU_Update) for MPU_Update
    main.o(.text.HAL_SYSTICK_Callback) refers to encoder.o(.text.Encoder_Update) for Encoder_Update
    main.o(.text.HAL_SYSTICK_Callback) refers to sensor.o(.text.Get_Sensor_Value) for Get_Sensor_Value
    main.o(.text.HAL_SYSTICK_Callback) refers to sensor.o(.text.update_wall_sensor) for update_wall_sensor
    main.o(.text.HAL_SYSTICK_Callback) refers to profile.o(.bss.forward) for forward
    main.o(.text.HAL_SYSTICK_Callback) refers to profile.o(.text.Update) for Update
    main.o(.text.HAL_SYSTICK_Callback) refers to profile.o(.bss.rotation) for rotation
    main.o(.text.HAL_SYSTICK_Callback) refers to ffix.o(x$fpl$ffix) for __aeabi_f2iz
    main.o(.text.HAL_SYSTICK_Callback) refers to motor.o(.text.update_motor_controllers) for update_motor_controllers
    main.o(.ARM.exidx.text.HAL_SYSTICK_Callback) refers to main.o(.text.HAL_SYSTICK_Callback) for [Anonymous Symbol]
    main.o(.text.main) refers to stm32f1xx_hal.o(.text.HAL_Init) for HAL_Init
    main.o(.text.main) refers to main.o(.text.SystemClock_Config) for SystemClock_Config
    main.o(.text.main) refers to main.o(.text.MX_GPIO_Init) for MX_GPIO_Init
    main.o(.text.main) refers to main.o(.text.MX_TIM3_Init) for MX_TIM3_Init
    main.o(.text.main) refers to main.o(.text.MX_TIM1_Init) for MX_TIM1_Init
    main.o(.text.main) refers to main.o(.text.MX_TIM2_Init) for MX_TIM2_Init
    main.o(.text.main) refers to main.o(.text.MX_TIM4_Init) for MX_TIM4_Init
    main.o(.text.main) refers to main.o(.text.MX_SPI2_Init) for MX_SPI2_Init
    main.o(.text.main) refers to main.o(.text.MX_ADC1_Init) for MX_ADC1_Init
    main.o(.text.main) refers to main.o(.text.MX_USART3_UART_Init) for MX_USART3_UART_Init
    main.o(.text.main) refers to motor.o(.text.Motor_Init) for Motor_Init
    main.o(.text.main) refers to encoder.o(.text.Encoder_Init) for Encoder_Init
    main.o(.text.main) refers to gyro_6500.o(.text.MPU_Init) for MPU_Init
    main.o(.text.main) refers to stm32f1xx_hal_gpio.o(.text.HAL_GPIO_WritePin) for HAL_GPIO_WritePin
    main.o(.text.main) refers to gyro_6500.o(.text.MPU_Calibrate) for MPU_Calibrate
    main.o(.text.main) refers to main.o(.bss.htim1) for htim1
    main.o(.text.main) refers to stm32f1xx_hal_tim.o(.text.HAL_TIM_Base_Start_IT) for HAL_TIM_Base_Start_IT
    main.o(.text.main) refers to motion.o(.text.move_forward) for move_forward
    main.o(.text.main) refers to motion.o(.text.turn_L_smooth) for turn_L_smooth
    main.o(.ARM.exidx.text.main) refers to main.o(.text.main) for [Anonymous Symbol]
    main.o(.text.SystemClock_Config) refers to rt_memclr_w.o(.text) for __aeabi_memclr4
    main.o(.text.SystemClock_Config) refers to stm32f1xx_hal_rcc.o(.text.HAL_RCC_OscConfig) for HAL_RCC_OscConfig
[...]
    [Anonymous Symbol]                       0x080038a0   Section        0  stm32f1xx_hal_tim.o(.text.HAL_TIM_TriggerCallback)
    [Anonymous Symbol]                       0x080038a8   Section        0  stm32f1xx_hal_uart.o(.text.HAL_UART_Init)
    [Anonymous Symbol]                       0x08003948   Section        0  stm32f1xx_hal_msp.o(.text.HAL_UART_MspInit)
    [Anonymous Symbol]                       0x080039e0   Section        0  stm32f1xx_it.o(.text.HardFault_Handler)
    [Anonymous Symbol]                       0x080039e4   Section        0  gyro_6500.o(.text.MPU_Calibrate)
    [Anonymous Symbol]                       0x08003a88   Section        0  gyro_6500.o(.text.MPU_Init)
    MPU_Read                                 0x08003ad9   Thumb Code   102  gyro_6500.o(.text.MPU_Read)
    [Anonymous Symbol]                       0x08003ad8   Section        0  gyro_6500.o(.text.MPU_Read)
    [Anonymous Symbol]                       0x08003b40   Section        0  gyro_6500.o(.text.MPU_ReadGyroRaw)
    [Anonymous Symbol]                       0x08003ba8   Section        0  gyro_6500.o(.text.MPU_Update)
    MPU_Write                                0x08003cad   Thumb Code    86  gyro_6500.o(.text.MPU_Write)
    [Anonymous Symbol]                       0x08003cac   Section        0  gyro_6500.o(.text.MPU_Write)
    MX_ADC1_Init                             0x08003d05   Thumb Code   278  main.o(.text.MX_ADC1_Init)
    [Anonymous Symbol]                       0x08003d04   Section        0  main.o(.text.MX_ADC1_Init)
    MX_GPIO_Init                             0x08003e1d   Thumb Code   216  main.o(.text.MX_GPIO_Init)
    [Anonymous Symbol]                       0x08003e1c   Section        0  main.o(.text.MX_GPIO_Init)
    MX_SPI2_Init                             0x08003ef5   Thumb Code    78  main.o(.text.MX_SPI2_Init)
    [Anonymous Symbol]                       0x08003ef4   Section        0  main.o(.text.MX_SPI2_Init)
    MX_TIM1_Init                             0x08003f45   Thumb Code   134  main.o(.text.MX_TIM1_Init)
    [Anonymous Symbol]                       0x08003f44   Section        0  main.o(.text.MX_TIM1_Init)
    MX_TIM2_Init                             0x08003fcd   Thumb Code   122  main.o(.text.MX_TIM2_Init)
    [Anonymous Symbol]                       0x08003fcc   Section        0  main.o(.text.MX_TIM2_Init)
    MX_TIM3_Init                             0x08004049   Thumb Code   294  main.o(.text.MX_TIM3_Init)
    [Anonymous Symbol]                       0x08004048   Section        0  main.o(.text.MX_TIM3_Init)
    MX_TIM4_Init                             0x08004171   Thumb Code   126  main.o(.text.MX_TIM4_Init)
    [Anonymous Symbol]                       0x08004170   Section        0  main.o(.text.MX_TIM4_Init)
    MX_USART3_UART_Init                      0x080041f1   Thumb Code    64  main.o(.text.MX_USART3_UART_Init)
    [Anonymous Symbol]                       0x080041f0   Section        0  main.o(.text.MX_USART3_UART_Init)
    [Anonymous Symbol]                       0x08004230   Section        0  stm32f1xx_it.o(.text.MemManage_Handler)
    [Anonymous Symbol]                       0x08004234   Section        0  motor.o(.text.Motor_Init)
    [Anonymous Symbol]                       0x08004264   Section        0  motor.o(.text.Motor_Left)
    [Anonymous Symbol]                       0x080042cc   Section        0  motor.o(.text.Motor_Right)
    [Anonymous Symbol]                       0x08004334   Section        0  motor.o(.text.Motor_Stop)
    [Anonymous Symbol]                       0x0800434c   Section        0  stm32f1xx_it.o(.text.NMI_Handler)
    NVIC_EncodePriority                      0x08004351   Thumb Code   108  stm32f1xx_hal_cortex.o(.text.NVIC_EncodePriority)
    [Anonymous Symbol]                       0x08004350   Section        0  stm32f1xx_hal_cortex.o(.text.NVIC_EncodePriority)
    [Anonymous Symbol]                       0x080043bc   Section        0  stm32f1xx_it.o(.text.PendSV_Handler)
    RCC_Delay                                0x080043c1   Thumb Code    58  stm32f1xx_hal_rcc.o(.text.RCC_Delay)
    [Anonymous Symbol]                       0x080043c0   Section        0  stm32f1xx_hal_rcc.o(.text.RCC_Delay)
    [Anonymous Symbol]                       0x080043fc   Section        0  gyro_6500.o(.text.Real_Ang_Increment)
    [Anonymous Symbol]                       0x08004418   Section        0  encoder.o(.text.Real_Pos_Increment)
    [Anonymous Symbol]                       0x08004424   Section        0  profile.o(.text.Reset_Forward)
    [Anonymous Symbol]                       0x0800444c   Section        0  profile.o(.text.Reset_Rotation)
    SPI_EndRxTransaction                     0x08004475   Thumb Code   184  stm32f1xx_hal_spi.o(.text.SPI_EndRxTransaction)
    [Anonymous Symbol]                       0x08004474   Section        0  stm32f1xx_hal_spi.o(.text.SPI_EndRxTransaction)
    SPI_EndRxTxTransaction                   0x0800452d   Thumb Code   106  stm32f1xx_hal_spi.o(.text.SPI_EndRxTxTransaction)
    [Anonymous Symbol]                       0x0800452c   Section        0  stm32f1xx_hal_spi.o(.text.SPI_EndRxTxTransaction)
    SPI_WaitFlagStateUntilTimeout            0x08004599   Thumb Code   298  stm32f1xx_hal_spi.o(.text.SPI_WaitFlagStateUntilTimeout)
    [Anonymous Symbol]                       0x08004598   Section        0  stm32f1xx_hal_spi.o(.text.SPI_WaitFlagStateUntilTimeout)
    [Anonymous Symbol]                       0x080046c4   Section        0  stm32f1xx_it.o(.text.SVC_Handler)
    [Anonymous Symbol]                       0x080046c8   Section        0  profile.o(.text.Start)
    SysTick_Config                           0x08004789   Thumb Code    82  stm32f1xx_hal_cortex.o(.text.SysTick_Config)
    [Anonymous Symbol]                       0x08004788   Section        0  stm32f1xx_hal_cortex.o(.text.SysTick_Config)
    [Anonymous Symbol]                       0x080047dc   Section        0  stm32f1xx_it.o(.text.SysTick_Handler)
    [Anonymous Symbol]                       0x080047e8   Section        0  main.o(.text.SystemClock_Config)
    [Anonymous Symbol]                       0x08004878   Section        0  system_stm32f1xx.o(.text.SystemInit)
    [Anonymous Symbol]                       0x0800487c   Section        0  stm32f1xx_it.o(.text.TIM1_UP_IRQHandler)
    [Anonymous Symbol]                       0x0800488c   Section        0  stm32f1xx_hal_tim.o(.text.TIM_Base_SetConfig)
    [Anonymous Symbol]                       0x08004994   Section        0  stm32f1xx_hal_tim.o(.text.TIM_CCxChannelCmd)
    [Anonymous Symbol]                       0x080049cc   Section        0  stm32f1xx_hal_tim.o(.text.TIM_ETR_SetConfig)
    TIM_ITRx_SetConfig                       0x08004a01   Thumb Code    42  stm32f1xx_hal_tim.o(.text.TIM_ITRx_SetConfig)
    [Anonymous Symbol]                       0x08004a00   Section        0  stm32f1xx_hal_tim.o(.text.TIM_ITRx_SetConfig)
    TIM_OC1_SetConfig                        0x08004a2d   Thumb Code   206  stm32f1xx_hal_tim.o(.text.TIM_OC1_SetConfig)
    [Anonymous Symbol]                       0x08004a2c   Section        0  stm32f1xx_hal_tim.o(.text.TIM_OC1_SetConfig)
    [Anonymous Symbol]                       0x08004afc   Section        0  stm32f1xx_hal_tim.o(.text.TIM_OC2_SetConfig)
    TIM_OC3_SetConfig                        0x08004bd5   Thumb Code   214  stm32f1xx_hal_tim.o(.text.TIM_OC3_SetConfig)
    [Anonymous Symbol]                       0x08004bd4   Section        0  stm32f1xx_hal_tim.o(.text.TIM_OC3_SetConfig)
    TIM_OC4_SetConfig                        0x08004cad   Thumb Code   150  stm32f1xx_hal_tim.o(.text.TIM_OC4_SetConfig)
    [Anonymous Symbol]                       0x08004cac   Section        0  stm32f1xx_hal_tim.o(.text.TIM_OC4_SetConfig)
    TIM_TI1_ConfigInputStage                 0x08004d45   Thumb Code    80  stm32f1xx_hal_tim.o(.text.TIM_TI1_ConfigInputStage)
    [Anonymous Symbol]                       0x08004d44   Section        0  stm32f1xx_hal_tim.o(.text.TIM_TI1_ConfigInputStage)
    TIM_TI2_ConfigInputStage                 0x08004d95   Thumb Code    82  stm32f1xx_hal_tim.o(.text.TIM_TI2_ConfigInputStage)
    [Anonymous Symbol]                       0x08004d94   Section        0  stm32f1xx_hal_tim.o(.text.TIM_TI2_ConfigInputStage)
    UART_SetConfig                           0x08004de9   Thumb Code   186  stm32f1xx_hal_uart.o(.text.UART_SetConfig)
    [Anonymous Symbol]                       0x08004de8   Section        0  stm32f1xx_hal_uart.o(.text.UART_SetConfig)
    [Anonymous Symbol]                       0x08004ea4   Section        0  profile.o(.text.Update)
    [Anonymous Symbol]                       0x08004ff4   Section        0  stm32f1xx_it.o(.text.UsageFault_Handler)
    __NVIC_EnableIRQ                         0x08004ff9   Thumb Code    48  stm32f1xx_hal_cortex.o(.text.__NVIC_EnableIRQ)
    [Anonymous Symbol]                       0x08004ff8   Section        0  stm32f1xx_hal_cortex.o(.text.__NVIC_EnableIRQ)
    __NVIC_GetPriorityGrouping               0x08005029   Thumb Code    16  stm32f1xx_hal_cortex.o(.text.__NVIC_GetPriorityGrouping)
    [Anonymous Symbol]                       0x08005028   Section        0  stm32f1xx_hal_cortex.o(.text.__NVIC_GetPriorityGrouping)
    __NVIC_SetPriority                       0x08005039   Thumb Code    66  stm32f1xx_hal_cortex.o(.text.__NVIC_SetPriority)
    [Anonymous Symbol]                       0x08005038   Section        0  stm32f1xx_hal_cortex.o(.text.__NVIC_SetPriority)
    __NVIC_SetPriorityGrouping               0x0800507d   Thumb Code    60  stm32f1xx_hal_cortex.o(.text.__NVIC_SetPriorityGrouping)
    [Anonymous Symbol]                       0x0800507c   Section        0  stm32f1xx_hal_cortex.o(.text.__NVIC_SetPriorityGrouping)
    [Anonymous Symbol]                       0x080050b8   Section        0  motor.o(.text.angle_controller)
    emitter_off                              0x08005149   Thumb Code   118  sensor.o(.text.emitter_off)
    [Anonymous Symbol]                       0x08005148   Section        0  sensor.o(.text.emitter_off)
    emitter_on                               0x080051c1   Thumb Code   118  sensor.o(.text.emitter_on)
    [Anonymous Symbol]                       0x080051c0   Section        0  sensor.o(.text.emitter_on)
    [Anonymous Symbol]                       0x08005238   Section        0  profile.o(.text.increment)
    [Anonymous Symbol]                       0x08005258   Section        0  profile.o(.text.is_finished)
    [Anonymous Symbol]                       0x0800526c   Section        0  main.o(.text.main)
    [Anonymous Symbol]                       0x08005318   Section        0  motion.o(.text.move_forward)
    [Anonymous Symbol]                       0x0800538c   Section        0  motor.o(.text.position_controller)
    [Anonymous Symbol]                       0x08005410   Section        0  motor.o(.text.reset_motor_controller)
    sm_emitter_adc                           0x0800543d   Thumb Code   270  sensor.o(.text.sm_emitter_adc)
    [Anonymous Symbol]                       0x0800543c   Section        0  sensor.o(.text.sm_emitter_adc)
    [Anonymous Symbol]                       0x0800554c   Section        0  motion.o(.text.turn_L_smooth)
    [Anonymous Symbol]                       0x080055b4   Section        0  motor.o(.text.update_motor_controllers)
    [Anonymous Symbol]                       0x080057f8   Section        0  sensor.o(.text.update_wall_sensor)
    x$fpl$d2f                                0x08005970   Section       98  d2f.o(x$fpl$d2f)
    x$fpl$dadd                               0x080059d4   Section      336  daddsub_clz.o(x$fpl$dadd)
    _dadd1                                   0x080059e5   Thumb Code     0  daddsub_clz.o(x$fpl$dadd)
    x$fpl$dmul                               0x08005b24   Section      340  dmul.o(x$fpl$dmul)
    x$fpl$dnaninf                            0x08005c78   Section      156  dnaninf.o(x$fpl$dnaninf)
    x$fpl$dretinf                            0x08005d14   Section       12  dretinf.o(x$fpl$dretinf)
    x$fpl$dsub                               0x08005d20   Section      476  daddsub_clz.o(x$fpl$dsub)
    _dsub1                                   0x08005d31   Thumb Code     0  daddsub_clz.o(x$fpl$dsub)
    x$fpl$f2d                                0x08005efc   Section       86  f2d.o(x$fpl$f2d)
    x$fpl$fadd                               0x08005f54   Section      196  faddsub_clz.o(x$fpl$fadd)
    _fadd1                                   0x08005f63   Thumb Code     0  faddsub_clz.o(x$fpl$fadd)
    x$fpl$fcmp                               0x08006018   Section       84  fcmp.o(x$fpl$fcmp)
    x$fpl$fcmpinf                            0x0800606c   Section       24  fcmpi.o(x$fpl$fcmpinf)
    _fdiv1                                   0x08006085   Thumb Code     0  fdiv.o(x$fpl$fdiv)
    x$fpl$fdiv                               0x08006084   Section      388  fdiv.o(x$fpl$fdiv)
    x$fpl$feqf                               0x08006208   Section      104  feqf.o(x$fpl$feqf)
    x$fpl$ffix                               0x08006270   Section       54  ffix.o(x$fpl$ffix)
    x$fpl$fflt                               0x080062a8   Section       48  fflt_clz.o(x$fpl$fflt)
    x$fpl$fgeqf                              0x080062d8   Section      104  fgeqf.o(x$fpl$fgeqf)
    x$fpl$fleqf                              0x08006340   Section      104  fleqf.o(x$fpl$fleqf)
    x$fpl$fmul                               0x080063a8   Section      258  fmul.o(x$fpl$fmul)
    x$fpl$fnaninf                            0x080064aa   Section      140  fnaninf.o(x$fpl$fnaninf)
    x$fpl$fretinf                            0x08006536   Section       10  fretinf.o(x$fpl$fretinf)
    x$fpl$fsub                               0x08006540   Section      234  faddsub_clz.o(x$fpl$fsub)
    _fsub1                                   0x0800654f   Thumb Code     0  faddsub_clz.o(x$fpl$fsub)
    x$fpl$usenofp                            0x0800662a   Section        0  usenofp.o(x$fpl$usenofp)
    HAL_RCC_GetSysClockFreq.aPLLMULFactorTable 0x08006642   Data          16  stm32f1xx_hal_rcc.o(.rodata.HAL_RCC_GetSysClockFreq.aPLLMULFactorTable)
    [Anonymous Symbol]                       0x08006642   Section        0  stm32f1xx_hal_rcc.o(.rodata.HAL_RCC_GetSysClockFreq.aPLLMULFactorTable)
    HAL_RCC_GetSysClockFreq.aPredivFactorTable 0x08006652   Data           2  stm32f1xx_hal_rcc.o(.rodata.HAL_RCC_GetSysClockFreq.aPredivFactorTable)
    [Anonymous Symbol]                       0x08006652   Section        0  stm32f1xx_hal_rcc.o(.rodata.HAL_RCC_GetSysClockFreq.aPredivFactorTable)
    sm_emitter_adc.emitter_status            0x20000004   Data           1  sensor.o(.data.sm_emitter_adc.emitter_status)
    [Anonymous Symbol]                       0x20000004   Section        0  sensor.o(.data.sm_emitter_adc.emitter_status)
    .bss                                     0x20000010   Section       96  libspace.o(.bss)
    Get_Delta_Encoder_Left.encoder_left_last 0x20000074   Data           2  encoder.o(.bss.Get_Delta_Encoder_Left.encoder_left_last)
    [Anonymous Symbol]                       0x20000074   Section        0  encoder.o(.bss.Get_Delta_Encoder_Left.encoder_left_last)
    Get_Delta_Encoder_Right.encoder_right_last 0x20000076   Data           2  encoder.o(.bss.Get_Delta_Encoder_Right.encoder_right_last)
    [Anonymous Symbol]                       0x20000076   Section        0  encoder.o(.bss.Get_Delta_Encoder_Right.encoder_right_last)
    s_fwd_error                              0x200002f8   Data           4  motor.o(.bss.s_fwd_error)
    [Anonymous Symbol]                       0x200002f8   Section        0  motor.o(.bss.s_fwd_error)
    s_old_fwd_error                          0x200002fc   Data           4  motor.o(.bss.s_old_fwd_error)
    [Anonymous Symbol]                       0x200002fc   Section        0  motor.o(.bss.s_old_fwd_error)
    s_old_rot_error                          0x20000300   Data           4  motor.o(.bss.s_old_rot_error)
    [Anonymous Symbol]                       0x20000300   Section        0  motor.o(.bss.s_old_rot_error)
    sensor_diff                              0x20000308   Data           8  sensor.o(.bss.sensor_diff)
    [Anonymous Symbol]                       0x20000308   Section        0  sensor.o(.bss.sensor_diff)
    sensor_off                               0x20000310   Data           8  sensor.o(.bss.sensor_off)
    [Anonymous Symbol]                       0x20000310   Section        0  sensor.o(.bss.sensor_off)
    sensor_on                                0x20000318   Data           8  sensor.o(.bss.sensor_on)
    [Anonymous Symbol]                       0x20000318   Section        0  sensor.o(.bss.sensor_on)
    sm_emitter_adc.sensor_index              0x20000320   Data           1  sensor.o(.bss.sm_emitter_adc.sensor_index)
    [Anonymous Symbol]                       0x20000320   Section        0  sensor.o(.bss.sm_emitter_adc.sensor_index)
    Heap_Mem                                 0x20000338   Data         512  startup_stm32f103xb.o(HEAP)
    HEAP                                     0x20000338   Section      512  startup_stm32f103xb.o(HEAP)
    Stack_Mem                                0x20000538   Data        1024  startup_stm32f103xb.o(STACK)
    STACK                                    0x20000538   Section     1024  startup_stm32f103xb.o(STACK)
    __initial_sp                             0x20000938   Data           0  startup_stm32f103xb.o(STACK)

    Global Symbols

    Symbol Name                              Value     Ov Type        Size  Object(Section)

    BuildAttributes$$THM_ISAv4$P$D$K$B$S$PE$A:L22UL41UL21$X:L11$S22US41US21$IEEE1$IW$~IW$USESV6$~STKCKD$USESV7$~SHL$OSPACE$ROPI$EBA8$UX$STANDARDLIB$REQ8$PRES8$EABIv2 0x00000000   Number         0  anon$$obj.o ABSOLUTE
    __fp_init_empty                          0x00000000   Number         0  fpinit_empty.o ABSOLUTE
    __ARM_exceptions_init                     - Undefined Weak Reference
    __alloca_initialize                       - Undefined Weak Reference
    __arm_preinit_                            - Undefined Weak Reference
    __arm_relocate_pie_                       - Undefined Weak Reference
    __cpp_initialize__aeabi_                  - Undefined Weak Reference
    __cxa_finalize                            - Undefined Weak Reference
    __rt_locale                               - Undefined Weak Reference
    __sigvec_lookup                           - Undefined Weak Reference
    _atexit_init                              - Undefined Weak Reference
    _call_atexit_fns                          - Undefined Weak Reference
    _clock_init                               - Undefined Weak Reference
    _fp_trap_init                             - Undefined Weak Reference
    _fp_trap_shutdown                         - Undefined Weak Reference
    _get_lc_collate                           - Undefined Weak Reference
    _get_lc_ctype                             - Undefined Weak Reference
    _get_lc_monetary                          - Undefined Weak Reference
    _get_lc_numeric                           - Undefined Weak Reference
    _get_lc_time                              - Undefined Weak Reference
    _getenv_init                              - Undefined Weak Reference
    _handle_redirection                       - Undefined Weak Reference
    _init_alloc                               - Undefined Weak Reference
    _init_user_alloc                          - Undefined Weak Reference
    _initio                                   - Undefined Weak Reference
    _rand_init                                - Undefined Weak Reference
    _signal_finish                            - Undefined Weak Reference
    _signal_init                              - Undefined Weak Reference
    _terminate_alloc                          - Undefined Weak Reference
    _terminate_user_alloc                     - Undefined Weak Reference
    _terminateio                              - Undefined Weak Reference
    __Vectors_Size                           0x000000ec   Number         0  startup_stm32f103xb.o ABSOLUTE
    __Vectors                                0x08000000   Data           4  startup_stm32f103xb.o(RESET)
    __Vectors_End                            0x080000ec   Data           0  startup_stm32f103xb.o(RESET)
    __main                                   0x080000ed   Thumb Code     8  __main.o(!!!main)
    __scatterload                            0x080000f5   Thumb Code     0  __scatter.o(!!!scatter)
    __scatterload_rt2                        0x080000f5   Thumb Code    84  __scatter.o(!!!scatter)
    __scatterload_rt2_thumb_only             0x080000f5   Thumb Code     0  __scatter.o(!!!scatter)
    __scatterload_loop                       0x080000ff   Thumb Code     0  __scatter.o(!!!scatter)
    __scatterload_copy                       0x08000151   Thumb Code    26  __scatter_copy.o(!!handler_copy)
    __scatterload_null                       0x0800016d   Thumb Code     2  __scatter.o(!!handler_null)
    __scatterload_zeroinit                   0x08000171   Thumb Code    28  __scatter_zi.o(!!handler_zi)
    __rt_lib_init                            0x0800018d   Thumb Code     0  libinit.o(.ARM.Collect$$libinit$$00000000)
    __rt_lib_init_alloca_1                   0x0800018f   Thumb Code     0  libinit2.o(.ARM.Collect$$libinit$$00000030)
    __rt_lib_init_argv_1                     0x0800018f   Thumb Code     0  libinit2.o(.ARM.Collect$$libinit$$0000002E)
    __rt_lib_init_atexit_1                   0x0800018f   Thumb Code     0  libinit2.o(.ARM.Collect$$libinit$$0000001D)
    __rt_lib_init_clock_1                    0x0800018f   Thumb Code     0  libinit2.o(.ARM.Collect$$libinit$$00000023)
    __rt_lib_init_cpp_1                      0x0800018f   Thumb Code     0  libinit2.o(.ARM.Collect$$libinit$$00000034)
    __rt_lib_init_exceptions_1               0x0800018f   Thumb Code     0  libinit2.o(.ARM.Collect$$libinit$$00000032)
    __rt_lib_init_fp_1                       0x0800018f   Thumb Code     0  libinit2.o(.ARM.Collect$$libinit$$00000002)
    __rt_lib_init_fp_trap_1                  0x0800018f   Thumb Code     0  libinit2.o(.ARM.Collect$$libinit$$00000021)
    __rt_lib_init_getenv_1                   0x0800018f   Thumb Code     0  libinit2.o(.ARM.Collect$$libinit$$00000025)
    __rt_lib_init_heap_1                     0x0800018f   Thumb Code     0  libinit2.o(.ARM.Collect$$libinit$$0000000C)
    __rt_lib_init_lc_collate_1               0x0800018f   Thumb Code     0  libinit2.o(.ARM.Collect$$libinit$$00000013)
    __rt_lib_init_lc_ctype_1                 0x0800018f   Thumb Code     0  libinit2.o(.ARM.Collect$$libinit$$00000015)
    __rt_lib_init_lc_monetary_1              0x0800018f   Thumb Code     0  libinit2.o(.ARM.Collect$$libinit$$00000017)
    __rt_lib_init_lc_numeric_1               0x0800018f   Thumb Code     0  libinit2.o(.ARM.Collect$$libinit$$00000019)
    __rt_lib_init_lc_time_1                  0x0800018f   Thumb Code     0  libinit2.o(.ARM.Collect$$libinit$$0000001B)
    __rt_lib_init_preinit_1                  0x0800018f   Thumb Code     0  libinit2.o(.ARM.Collect$$libinit$$00000006)
    __rt_lib_init_rand_1                     0x0800018f   Thumb Code     0  libinit2.o(.ARM.Collect$$libinit$$00000010)
    __rt_lib_init_relocate_pie_1             0x0800018f   Thumb Code     0  libinit2.o(.ARM.Collect$$libinit$$00000004)
    __rt_lib_init_return                     0x0800018f   Thumb Code     0  libinit2.o(.ARM.Collect$$libinit$$00000035)
    __rt_lib_init_signal_1                   0x0800018f   Thumb Code     0  libinit2.o(.ARM.Collect$$libinit$$0000001F)
    __rt_lib_init_stdio_1                    0x0800018f   Thumb Code     0  libinit2.o(.ARM.Collect$$libinit$$00000027)
    __rt_lib_init_user_alloc_1               0x0800018f   Thumb Code     0  libinit2.o(.ARM.Collect$$libinit$$0000000E)
    __rt_lib_shutdown                        0x08000191   Thumb Code     0  libshutdown.o(.ARM.Collect$$libshutdown$$00000000)
    __rt_lib_shutdown_cpp_1                  0x08000193   Thumb Code     0  libshutdown2.o(.ARM.Collect$$libshutdown$$00000002)
    __rt_lib_shutdown_fp_trap_1              0x08000193   Thumb Code     0  libshutdown2.o(.ARM.Collect$$libshutdown$$00000007)
    __rt_lib_shutdown_heap_1                 0x08000193   Thumb Code     0  libshutdown2.o(.ARM.Collect$$libshutdown$$0000000F)
    __rt_lib_shutdown_return                 0x08000193   Thumb Code     0  libshutdown2.o(.ARM.Collect$$libshutdown$$00000010)
    __rt_lib_shutdown_signal_1               0x08000193   Thumb Code     0  libshutdown2.o(.ARM.Collect$$libshutdown$$0000000A)
    __rt_lib_shutdown_stdio_1                0x08000193   Thumb Code     0  libshutdown2.o(.ARM.Collect$$libshutdown$$00000004)
    __rt_lib_shutdown_user_alloc_1           0x08000193   Thumb Code     0  libshutdown2.o(.ARM.Collect$$libshutdown$$0000000C)
    __rt_entry                               0x08000195   Thumb Code     0  __rtentry.o(.ARM.Collect$$rtentry$$00000000)
    __rt_entry_presh_1                       0x08000195   Thumb Code     0  __rtentry2.o(.ARM.Collect$$rtentry$$00000002)
    __rt_entry_sh                            0x08000195   Thumb Code     0  __rtentry4.o(.ARM.Collect$$rtentry$$00000004)
    __rt_entry_li                            0x0800019b   Thumb Code     0  __rtentry2.o(.ARM.Collect$$rtentry$$0000000A)
    __rt_entry_postsh_1                      0x0800019b   Thumb Code     0  __rtentry2.o(.ARM.Collect$$rtentry$$00000009)
    __rt_entry_main                          0x0800019f   Thumb Code     0  __rtentry2.o(.ARM.Collect$$rtentry$$0000000D)
    __rt_entry_postli_1                      0x0800019f   Thumb Code     0  __rtentry2.o(.ARM.Collect$$rtentry$$0000000C)
    __rt_exit                                0x080001a7   Thumb Code     0  rtexit.o(.ARM.Collect$$rtexit$$00000000)
    __rt_exit_ls                             0x080001a9   Thumb Code     0  rtexit2.o(.ARM.Collect$$rtexit$$00000003)
    __rt_exit_prels_1                        0x080001a9   Thumb Code     0  rtexit2.o(.ARM.Collect$$rtexit$$00000002)
    __rt_exit_exit                           0x080001ad   Thumb Code     0  rtexit2.o(.ARM.Collect$$rtexit$$00000004)
    Reset_Handler                            0x080001b5   Thumb Code     8  startup_stm32f103xb.o(.text)
    ADC1_2_IRQHandler                        0x080001cf   Thumb Code     0  startup_stm32f103xb.o(.text)
    CAN1_RX1_IRQHandler                      0x080001cf   Thumb Code     0  startup_stm32f103xb.o(.text)
    CAN1_SCE_IRQHandler                      0x080001cf   Thumb Code     0  startup_stm32f103xb.o(.text)
    DMA1_Channel1_IRQHandler                 0x080001cf   Thumb Code     0  startup_stm32f103xb.o(.text)
    DMA1_Channel2_IRQHandler                 0x080001cf   Thumb Code     0  startup_stm32f103xb.o(.text)
    DMA1_Channel3_IRQHandler                 0x080001cf   Thumb Code     0  startup_stm32f103xb.o(.text)
    DMA1_Channel4_IRQHandler                 0x080001cf   Thumb Code     0  startup_stm32f103xb.o(.text)
    DMA1_Channel5_IRQHandler                 0x080001cf   Thumb Code     0  startup_stm32f103xb.o(.text)
    DMA1_Channel6_IRQHandler                 0x080001cf   Thumb Code     0  startup_stm32f103xb.o(.text)
    DMA1_Channel7_IRQHandler                 0x080001cf   Thumb Code     0  startup_stm32f103xb.o(.text)
    EXTI0_IRQHandler                         0x080001cf   Thumb Code     0  startup_stm32f103xb.o(.text)
    EXTI15_10_IRQHandler                     0x080001cf   Thumb Code     0  startup_stm32f103xb.o(.text)
    EXTI1_IRQHandler                         0x080001cf   Thumb Code     0  startup_stm32f103xb.o(.text)
    EXTI2_IRQHandler                         0x080001cf   Thumb Code     0  startup_stm32f103xb.o(.text)
    EXTI3_IRQHandler                         0x080001cf   Thumb Code     0  startup_stm32f103xb.o(.text)
    EXTI4_IRQHandler                         0x080001cf   Thumb Code     0  startup_stm32f103xb.o(.text)
    EXTI9_5_IRQHandler                       0x080001cf   Thumb Code     0  startup_stm32f103xb.o(.text)
    FLASH_IRQHandler                         0x080001cf   Thumb Code     0  startup_stm32f103xb.o(.text)
    I2C1_ER_IRQHandler                       0x080001cf   Thumb Code     0  startup_stm32f103xb.o(.text)
    I2C1_EV_IRQHandler                       0x080001cf   Thumb Code     0  startup_stm32f103xb.o(.text)
    I2C2_ER_IRQHandler                       0x080001cf   Thumb Code     0  startup_stm32f103xb.o(.text)
    I2C2_EV_IRQHandler                       0x080001cf   Thumb Code     0  startup_stm32f103xb.o(.text)
    PVD_IRQHandler                           0x080001cf   Thumb Code     0  startup_stm32f103xb.o(.text)
    RCC_IRQHandler                           0x080001cf   Thumb Code     0  startup_stm32f103xb.o(.text)
    RTC_Alarm_IRQHandler                     0x080001cf   Thumb Code     0  startup_stm32f103xb.o(.text)
    RTC_IRQHandler                           0x080001cf   Thumb Code     0  startup_stm32f103xb.o(.text)
    SPI1_IRQHandler                          0x080001cf   Thumb Code     0  startup_stm32f103xb.o(.text)
    SPI2_IRQHandler                          0x080001cf   Thumb Code     0  startup_stm32f103xb.o(.text)
    TAMPER_IRQHandler                        0x080001cf   Thumb Code     0  startup_stm32f103xb.o(.text)
    TIM1_BRK_IRQHandler                      0x080001cf   Thumb Code     0  startup_stm32f103xb.o(.text)
    TIM1_CC_IRQHandler                       0x080001cf   Thumb Code     0  startup_stm32f103xb.o(.text)
    TIM1_TRG_COM_IRQHandler                  0x080001cf   Thumb Code     0  startup_stm32f103xb.o(.text)
    TIM2_IRQHandler                          0x080001cf   Thumb Code     0  startup_stm32f103xb.o(.text)
    TIM3_IRQHandler                          0x080001cf   Thumb Code     0  startup_stm32f103xb.o(.text)
    TIM4_IRQHandler                          0x080001cf   Thumb Code     0  startup_stm32f103xb.o(.text)
    USART1_IRQHandler                        0x080001cf   Thumb Code     0  startup_stm32f103xb.o(.text)
    USART2_IRQHandler                        0x080001cf   Thumb Code     0  startup_stm32f103xb.o(.text)
    USART3_IRQHandler                        0x080001cf   Thumb Code     0  startup_stm32f103xb.o(.text)
    USBWakeUp_IRQHandler                     0x080001cf   Thumb Code     0  startup_stm32f103xb.o(.text)
    USB_HP_CAN1_TX_IRQHandler                0x080001cf   Thumb Code     0  startup_stm32f103xb.o(.text)
    USB_LP_CAN1_RX0_IRQHandler               0x080001cf   Thumb Code     0  startup_stm32f103xb.o(.text)
    WWDG_IRQHandler                          0x080001cf   Thumb Code     0  startup_stm32f103xb.o(.text)
    __user_initial_stackheap                 0x080001d1   Thumb Code     0  startup_stm32f103xb.o(.text)
    __aeabi_memclr4                          0x080001f5   Thumb Code     0  rt_memclr_w.o(.text)
    __aeabi_memclr8                          0x080001f5   Thumb Code     0  rt_memclr_w.o(.text)
    __rt_memclr_w                            0x080001f5   Thumb Code     0  rt_memclr_w.o(.text)
    _memset_w                                0x080001f9   Thumb Code    74  rt_memclr_w.o(.text)
    __use_two_region_memory                  0x08000243   Thumb Code     2  heapauxi.o(.text)
    __rt_heap_escrow$2region                 0x08000245   Thumb Code     2  heapauxi.o(.text)
    __rt_heap_expand$2region                 0x08000247   Thumb Code     2  heapauxi.o(.text)
    __user_setup_stackheap                   0x08000249   Thumb Code    74  sys_stackheap_outer.o(.text)
    exit                                     0x08000293   Thumb Code    18  exit.o(.text)
    __user_libspace                          0x080002a5   Thumb Code     8  libspace.o(.text)
    __user_perproc_libspace                  0x080002a5   Thumb Code     0  libspace.o(.text)
    __user_perthread_libspace                0x080002a5   Thumb Code     0  libspace.o(.text)
    _sys_exit                                0x080002ad   Thumb Code     8  sys_exit.o(.text)
    __I$use$semihosting                      0x080002b9   Thumb Code     0  use_no_semi.o(.text)
    __use_no_semihosting_swi                 0x080002b9   Thumb Code     2  use_no_semi.o(.text)
    __semihosting_library_function           0x080002bb   Thumb Code     0  indicate_semi.o(.text)
    ADC_ConversionStop_Disable               0x080002bd   Thumb Code   130  stm32f1xx_hal_adc.o(.text.ADC_ConversionStop_Disable)
    ADC_Enable                               0x08000341   Thumb Code   188  stm32f1xx_hal_adc.o(.text.ADC_Enable)
    BusFault_Handler                         0x080003fd   Thumb Code     4  stm32f1xx_it.o(.text.BusFault_Handler)
    DebugMon_Handler                         0x08000401   Thumb Code     2  stm32f1xx_it.o(.text.DebugMon_Handler)
    Encoder_Init                             0x08000405   Thumb Code    38  encoder.o(.text.Encoder_Init)
    Encoder_Update                           0x0800042d   Thumb Code    82  encoder.o(.text.Encoder_Update)
    Error_Handler                            0x08000481   Thumb Code    14  main.o(.text.Error_Handler)
    Get_Braking_Distance                     0x08000491   Thumb Code    74  profile.o(.text.Get_Braking_Distance)
    Get_Sensor_Value                         0x08000545   Thumb Code   208  sensor.o(.text.Get_Sensor_Value)
    HAL_ADCEx_InjectedConfigChannel          0x08000615   Thumb Code   806  stm32f1xx_hal_adc_ex.o(.text.HAL_ADCEx_InjectedConfigChannel)
    HAL_ADCEx_InjectedGetValue               0x0800093d   Thumb Code    80  stm32f1xx_hal_adc_ex.o(.text.HAL_ADCEx_InjectedGetValue)
    HAL_ADCEx_InjectedStart                  0x0800098d   Thumb Code   330  stm32f1xx_hal_adc_ex.o(.text.HAL_ADCEx_InjectedStart)
    HAL_ADC_ConfigChannel                    0x08000ad9   Thumb Code   436  stm32f1xx_hal_adc.o(.text.HAL_ADC_ConfigChannel)
    HAL_ADC_Init                             0x08000c8d   Thumb Code   530  stm32f1xx_hal_adc.o(.text.HAL_ADC_Init)
    HAL_ADC_MspInit                          0x08000ea1   Thumb Code   122  stm32f1xx_hal_msp.o(.text.HAL_ADC_MspInit)
    HAL_Delay                                0x08000f1d   Thumb Code    66  stm32f1xx_hal.o(.text.HAL_Delay)
    HAL_GPIO_Init                            0x08000f61   Thumb Code   798  stm32f1xx_hal_gpio.o(.text.HAL_GPIO_Init)
    HAL_GPIO_WritePin                        0x08001281   Thumb Code    46  stm32f1xx_hal_gpio.o(.text.HAL_GPIO_WritePin)
    HAL_GetTick                              0x080012b1   Thumb Code    12  stm32f1xx_hal.o(.text.HAL_GetTick)
    HAL_IncTick                              0x080012bd   Thumb Code    26  stm32f1xx_hal.o(.text.HAL_IncTick)
    HAL_Init                                 0x080012d9   Thumb Code    38  stm32f1xx_hal.o(.text.HAL_Init)
    HAL_InitTick                             0x08001301   Thumb Code   112  stm32f1xx_hal.o(.text.HAL_InitTick)
    HAL_MspInit                              0x08001371   Thumb Code   100  stm32f1xx_hal_msp.o(.text.HAL_MspInit)
    HAL_NVIC_EnableIRQ                       0x080013d5   Thumb Code    20  stm32f1xx_hal_cortex.o(.text.HAL_NVIC_EnableIRQ)
    HAL_NVIC_SetPriority                     0x080013e9   Thumb Code    50  stm32f1xx_hal_cortex.o(.text.HAL_NVIC_SetPriority)
    HAL_NVIC_SetPriorityGrouping             0x0800141d   Thumb Code    16  stm32f1xx_hal_cortex.o(.text.HAL_NVIC_SetPriorityGrouping)
    HAL_RCCEx_PeriphCLKConfig                0x0800142d   Thumb Code   456  stm32f1xx_hal_rcc_ex.o(.text.HAL_RCCEx_PeriphCLKConfig)
    HAL_RCC_ClockConfig                      0x080015f5   Thumb Code   598  stm32f1xx_hal_rcc.o(.text.HAL_RCC_ClockConfig)
    HAL_RCC_GetHCLKFreq                      0x0800184d   Thumb Code    12  stm32f1xx_hal_rcc.o(.text.HAL_RCC_GetHCLKFreq)
    HAL_RCC_GetPCLK1Freq                     0x08001859   Thumb Code    34  stm32f1xx_hal_rcc.o(.text.HAL_RCC_GetPCLK1Freq)
    HAL_RCC_GetPCLK2Freq                     0x0800187d   Thumb Code    34  stm32f1xx_hal_rcc.o(.text.HAL_RCC_GetPCLK2Freq)
    HAL_RCC_GetSysClockFreq                  0x080018a1   Thumb Code   188  stm32f1xx_hal_rcc.o(.text.HAL_RCC_GetSysClockFreq)
    HAL_RCC_OscConfig                        0x0800195d   Thumb Code  1658  stm32f1xx_hal_rcc.o(.text.HAL_RCC_OscConfig)
    HAL_SPI_Init                             0x08001fd9   Thumb Code   250  stm32f1xx_hal_spi.o(.text.HAL_SPI_Init)
    HAL_SPI_MspInit                          0x080020d5   Thumb Code   152  stm32f1xx_hal_msp.o(.text.HAL_SPI_MspInit)
    HAL_SPI_Receive                          0x0800216d   Thumb Code   590  stm32f1xx_hal_spi.o(.text.HAL_SPI_Receive)
    HAL_SPI_Transmit                         0x080023bd   Thumb Code   674  stm32f1xx_hal_spi.o(.text.HAL_SPI_Transmit)
    HAL_SPI_TransmitReceive                  0x08002661   Thumb Code   930  stm32f1xx_hal_spi.o(.text.HAL_SPI_TransmitReceive)
    HAL_SYSTICK_Callback                     0x08002a05   Thumb Code    66  main.o(.text.HAL_SYSTICK_Callback)
    HAL_SYSTICK_Config                       0x08002a49   Thumb Code    16  stm32f1xx_hal_cortex.o(.text.HAL_SYSTICK_Config)
    HAL_SYSTICK_IRQHandler                   0x08002a59   Thumb Code     8  stm32f1xx_hal_cortex.o(.text.HAL_SYSTICK_IRQHandler)
    HAL_TIMEx_BreakCallback                  0x08002a61   Thumb Code     8  stm32f1xx_hal_tim_ex.o(.text.HAL_TIMEx_BreakCallback)
    HAL_TIMEx_CommutCallback                 0x08002a69   Thumb Code     8  stm32f1xx_hal_tim_ex.o(.text.HAL_TIMEx_CommutCallback)
    HAL_TIMEx_MasterConfigSynchronization    0x08002a71   Thumb Code   220  stm32f1xx_hal_tim_ex.o(.text.HAL_TIMEx_MasterConfigSynchronization)
    HAL_TIM_Base_Init                        0x08002b4d   Thumb Code   156  stm32f1xx_hal_tim.o(.text.HAL_TIM_Base_Init)
    HAL_TIM_Base_MspInit                     0x08002be9   Thumb Code   130  stm32f1xx_hal_msp.o(.text.HAL_TIM_Base_MspInit)
    HAL_TIM_Base_Start_IT                    0x08002c6d   Thumb Code   176  stm32f1xx_hal_tim.o(.text.HAL_TIM_Base_Start_IT)
    HAL_TIM_ConfigClockSource                0x08002d1d   Thumb Code   388  stm32f1xx_hal_tim.o(.text.HAL_TIM_ConfigClockSource)
    HAL_TIM_Encoder_Init                     0x08002ea1   Thumb Code   296  stm32f1xx_hal_tim.o(.text.HAL_TIM_Encoder_Init)
    HAL_TIM_Encoder_MspInit                  0x08002fc9   Thumb Code   334  stm32f1xx_hal_msp.o(.text.HAL_TIM_Encoder_MspInit)
    HAL_TIM_Encoder_Start                    0x08003119   Thumb Code   334  stm32f1xx_hal_tim.o(.text.HAL_TIM_Encoder_Start)
    HAL_TIM_IC_CaptureCallback               0x08003269   Thumb Code     8  stm32f1xx_hal_tim.o(.text.HAL_TIM_IC_CaptureCallback)
    HAL_TIM_IRQHandler                       0x08003271   Thumb Code   538  stm32f1xx_hal_tim.o(.text.HAL_TIM_IRQHandler)
    HAL_TIM_MspPostInit                      0x0800348d   Thumb Code   152  stm32f1xx_hal_msp.o(.text.HAL_TIM_MspPostInit)
    HAL_TIM_OC_DelayElapsedCallback          0x08003525   Thumb Code     8  stm32f1xx_hal_tim.o(.text.HAL_TIM_OC_DelayElapsedCallback)
    HAL_TIM_PWM_ConfigChannel                0x0800352d   Thumb Code   322  stm32f1xx_hal_tim.o(.text.HAL_TIM_PWM_ConfigChannel)
    HAL_TIM_PWM_Init                         0x08003671   Thumb Code   156  stm32f1xx_hal_tim.o(.text.HAL_TIM_PWM_Init)
    HAL_TIM_PWM_MspInit                      0x0800370d   Thumb Code     8  stm32f1xx_hal_tim.o(.text.HAL_TIM_PWM_MspInit)
    HAL_TIM_PWM_PulseFinishedCallback        0x08003715   Thumb Code     8  stm32f1xx_hal_tim.o(.text.HAL_TIM_PWM_PulseFinishedCallback)
    HAL_TIM_PWM_Start                        0x0800371d   Thumb Code   352  stm32f1xx_hal_tim.o(.text.HAL_TIM_PWM_Start)
    HAL_TIM_PeriodElapsedCallback            0x0800387d   Thumb Code    34  sensor.o(.text.HAL_TIM_PeriodElapsedCallback)
    HAL_TIM_TriggerCallback                  0x080038a1   Thumb Code     8  stm32f1xx_hal_tim.o(.text.HAL_TIM_TriggerCallback)
    HAL_UART_Init                            0x080038a9   Thumb Code   158  stm32f1xx_hal_uart.o(.text.HAL_UART_Init)
    HAL_UART_MspInit                         0x08003949   Thumb Code   152  stm32f1xx_hal_msp.o(.text.HAL_UART_MspInit)
    HardFault_Handler                        0x080039e1   Thumb Code     4  stm32f1xx_it.o(.text.HardFault_Handler)
    MPU_Calibrate                            0x080039e5   Thumb Code   164  gyro_6500.o(.text.MPU_Calibrate)
    MPU_Init                                 0x08003a89   Thumb Code    80  gyro_6500.o(.text.MPU_Init)
    MPU_ReadGyroRaw                          0x08003b41   Thumb Code   104  gyro_6500.o(.text.MPU_ReadGyroRaw)
    MPU_Update                               0x08003ba9   Thumb Code   260  gyro_6500.o(.text.MPU_Update)
    MemManage_Handler                        0x08004231   Thumb Code     4  stm32f1xx_it.o(.text.MemManage_Handler)
    Motor_Init                               0x08004235   Thumb Code    48  motor.o(.text.Motor_Init)
    Motor_Left                               0x08004265   Thumb Code   104  motor.o(.text.Motor_Left)
    Motor_Right                              0x080042cd   Thumb Code   104  motor.o(.text.Motor_Right)
    Motor_Stop                               0x08004335   Thumb Code    22  motor.o(.text.Motor_Stop)
    NMI_Handler                              0x0800434d   Thumb Code     4  stm32f1xx_it.o(.text.NMI_Handler)
    PendSV_Handler                           0x080043bd   Thumb Code     2  stm32f1xx_it.o(.text.PendSV_Handler)
    Real_Ang_Increment                       0x080043fd   Thumb Code    26  gyro_6500.o(.text.Real_Ang_Increment)
    Real_Pos_Increment                       0x08004419   Thumb Code    12  encoder.o(.text.Real_Pos_Increment)
    Reset_Forward                            0x08004425   Thumb Code    40  profile.o(.text.Reset_Forward)
    Reset_Rotation                           0x0800444d   Thumb Code    40  profile.o(.text.Reset_Rotation)
    SVC_Handler                              0x080046c5   Thumb Code     2  stm32f1xx_it.o(.text.SVC_Handler)
    Start                                    0x080046c9   Thumb Code   190  profile.o(.text.Start)
    SysTick_Handler                          0x080047dd   Thumb Code    12  stm32f1xx_it.o(.text.SysTick_Handler)
    SystemClock_Config                       0x080047e9   Thumb Code   144  main.o(.text.SystemClock_Config)
    SystemInit                               0x08004879   Thumb Code     2  system_stm32f1xx.o(.text.SystemInit)
    TIM1_UP_IRQHandler                       0x0800487d   Thumb Code    16  stm32f1xx_it.o(.text.TIM1_UP_IRQHandler)
    TIM_Base_SetConfig                       0x0800488d   Thumb Code   262  stm32f1xx_hal_tim.o(.text.TIM_Base_SetConfig)
    TIM_CCxChannelCmd                        0x08004995   Thumb Code    54  stm32f1xx_hal_tim.o(.text.TIM_CCxChannelCmd)
    TIM_ETR_SetConfig                        0x080049cd   Thumb Code    52  stm32f1xx_hal_tim.o(.text.TIM_ETR_SetConfig)
    TIM_OC2_SetConfig                        0x08004afd   Thumb Code   216  stm32f1xx_hal_tim.o(.text.TIM_OC2_SetConfig)
    Update                                   0x08004ea5   Thumb Code   336  profile.o(.text.Update)
    UsageFault_Handler                       0x08004ff5   Thumb Code     4  stm32f1xx_it.o(.text.UsageFault_Handler)
    angle_controller                         0x080050b9   Thumb Code   144  motor.o(.text.angle_controller)
    increment                                0x08005239   Thumb Code    30  profile.o(.text.increment)
    is_finished                              0x08005259   Thumb Code    20  profile.o(.text.is_finished)
    main                                     0x0800526d   Thumb Code   170  main.o(.text.main)
    move_forward                             0x08005319   Thumb Code   114  motion.o(.text.move_forward)
    position_controller                      0x0800538d   Thumb Code   132  motor.o(.text.position_controller)
    reset_motor_controller                   0x08005411   Thumb Code    44  motor.o(.text.reset_motor_controller)
    turn_L_smooth                            0x0800554d   Thumb Code   102  motion.o(.text.turn_L_smooth)
    update_motor_controllers                 0x080055b5   Thumb Code   578  motor.o(.text.update_motor_controllers)
    update_wall_sensor                       0x080057f9   Thumb Code   376  sensor.o(.text.update_wall_sensor)
    __aeabi_d2f                              0x08005971   Thumb Code     0  d2f.o(x$fpl$d2f)
    _d2f                                     0x08005971   Thumb Code    98  d2f.o(x$fpl$d2f)
    __aeabi_dadd                             0x080059d5   Thumb Code     0  daddsub_clz.o(x$fpl$dadd)
    _dadd                                    0x080059d5   Thumb Code   332  daddsub_clz.o(x$fpl$dadd)
    __aeabi_dmul                             0x08005b25   Thumb Code     0  dmul.o(x$fpl$dmul)
    _dmul                                    0x08005b25   Thumb Code   332  dmul.o(x$fpl$dmul)
    __fpl_dnaninf                            0x08005c79   Thumb Code   156  dnaninf.o(x$fpl$dnaninf)
    __fpl_dretinf                            0x08005d15   Thumb Code    12  dretinf.o(x$fpl$dretinf)
    __aeabi_dsub                             0x08005d21   Thumb Code     0  daddsub_clz.o(x$fpl$dsub)
    _dsub                                    0x08005d21   Thumb Code   472  daddsub_clz.o(x$fpl$dsub)
    __aeabi_f2d                              0x08005efd   Thumb Code     0  f2d.o(x$fpl$f2d)
    _f2d                                     0x08005efd   Thumb Code    86  f2d.o(x$fpl$f2d)
    __aeabi_fadd                             0x08005f55   Thumb Code     0  faddsub_clz.o(x$fpl$fadd)
    _fadd                                    0x08005f55   Thumb Code   196  faddsub_clz.o(x$fpl$fadd)
    __aeabi_fcmpeq                           0x08006019   Thumb Code     0  fcmp.o(x$fpl$fcmp)
    _feq                                     0x08006019   Thumb Code    14  fcmp.o(x$fpl$fcmp)
    _fneq                                    0x08006027   Thumb Code    14  fcmp.o(x$fpl$fcmp)
    __aeabi_fcmpgt                           0x08006035   Thumb Code     0  fcmp.o(x$fpl$fcmp)
    _fgr                                     0x08006035   Thumb Code    14  fcmp.o(x$fpl$fcmp)
    __aeabi_fcmpge                           0x08006043   Thumb Code     0  fcmp.o(x$fpl$fcmp)
    _fgeq                                    0x08006043   Thumb Code    14  fcmp.o(x$fpl$fcmp)
    __aeabi_fcmple                           0x08006051   Thumb Code     0  fcmp.o(x$fpl$fcmp)
    _fleq                                    0x08006051   Thumb Code    14  fcmp.o(x$fpl$fcmp)
    __aeabi_fcmplt                           0x0800605f   Thumb Code     0  fcmp.o(x$fpl$fcmp)
    _fls                                     0x0800605f   Thumb Code    14  fcmp.o(x$fpl$fcmp)
    __fpl_fcmp_Inf                           0x0800606d   Thumb Code    24  fcmpi.o(x$fpl$fcmpinf)
    __aeabi_fdiv                             0x08006085   Thumb Code     0  fdiv.o(x$fpl$fdiv)
    _fdiv                                    0x08006085   Thumb Code   384  fdiv.o(x$fpl$fdiv)
    __aeabi_cfcmpeq                          0x08006209   Thumb Code     0  feqf.o(x$fpl$feqf)
    _fcmpeq                                  0x08006209   Thumb Code   104  feqf.o(x$fpl$feqf)
    __aeabi_f2iz                             0x08006271   Thumb Code     0  ffix.o(x$fpl$ffix)
    _ffix                                    0x08006271   Thumb Code    54  ffix.o(x$fpl$ffix)
    __aeabi_i2f                              0x080062a9   Thumb Code     0  fflt_clz.o(x$fpl$fflt)
    _fflt                                    0x080062a9   Thumb Code    48  fflt_clz.o(x$fpl$fflt)
    _fcmpge                                  0x080062d9   Thumb Code   104  fgeqf.o(x$fpl$fgeqf)
    __aeabi_cfcmple                          0x08006341   Thumb Code     0  fleqf.o(x$fpl$fleqf)
    _fcmple                                  0x08006341   Thumb Code   104  fleqf.o(x$fpl$fleqf)
    __fpl_fcmple_InfNaN                      0x08006393   Thumb Code     0  fleqf.o(x$fpl$fleqf)
    __aeabi_fmul                             0x080063a9   Thumb Code     0  fmul.o(x$fpl$fmul)
    _fmul                                    0x080063a9   Thumb Code   258  fmul.o(x$fpl$fmul)
    __fpl_fnaninf                            0x080064ab   Thumb Code   140  fnaninf.o(x$fpl$fnaninf)
    __fpl_fretinf                            0x08006537   Thumb Code    10  fretinf.o(x$fpl$fretinf)
    __aeabi_fsub                             0x08006541   Thumb Code     0  faddsub_clz.o(x$fpl$fsub)
    _fsub                                    0x08006541   Thumb Code   234  faddsub_clz.o(x$fpl$fsub)
    AHBPrescTable                            0x0800662a   Data          16  system_stm32f1xx.o(.rodata.AHBPrescTable)
    __I$use$fp                               0x0800662a   Number         0  usenofp.o(x$fpl$usenofp)
    APBPrescTable                            0x0800663a   Data           8  system_stm32f1xx.o(.rodata.APBPrescTable)
    Region$$Table$$Base                      0x08006654   Number         0  anon$$obj.o(Region$$Table)
    Region$$Table$$Limit                     0x08006674   Number         0  anon$$obj.o(Region$$Table)
    SystemCoreClock                          0x20000000   Data           4  system_stm32f1xx.o(.data.SystemCoreClock)
    uwTickFreq                               0x20000005   Data           1  stm32f1xx_hal.o(.data.uwTickFreq)
    uwTickPrio                               0x20000008   Data           4  stm32f1xx_hal.o(.data.uwTickPrio)
    __libspace_start                         0x20000010   Data          96  libspace.o(.bss)
    FL                                       0x20000070   Data           2  sensor.o(.bss.FL)
    __temporary_stack_top$libspace           0x20000070   Data           0  libspace.o(.bss)
    FR                                       0x20000072   Data           2  sensor.o(.bss.FR)
    Gx                                       0x20000078   Data           4  gyro_6500.o(.bss.Gx)
    Gy                                       0x2000007c   Data           4  gyro_6500.o(.bss.Gy)
    Gz                                       0x20000080   Data           4  gyro_6500.o(.bss.Gz)
    SL                                       0x20000084   Data           2  sensor.o(.bss.SL)
    SR                                       0x20000086   Data           2  sensor.o(.bss.SR)
    angle_x                                  0x20000088   Data           4  gyro_6500.o(.bss.angle_x)
    angle_y                                  0x2000008c   Data           4  gyro_6500.o(.bss.angle_y)
    angle_z                                  0x20000090   Data           4  gyro_6500.o(.bss.angle_z)
    forward                                  0x20000094   Data          36  profile.o(.bss.forward)
    g_front_wall_present                     0x200000b8   Data           1  sensor.o(.bss.g_front_wall_present)
    g_left_wall_present                      0x200000b9   Data           1  sensor.o(.bss.g_left_wall_present)
    g_right_wall_present                     0x200000ba   Data           1  sensor.o(.bss.g_right_wall_present)
    gx                                       0x200000bc   Data           4  gyro_6500.o(.bss.gx)
    gy                                       0x200000c0   Data           4  gyro_6500.o(.bss.gy)
    gz                                       0x200000c4   Data           4  gyro_6500.o(.bss.gz)
    hadc1                                    0x200000c8   Data          48  main.o(.bss.hadc1)
    hspi2                                    0x200000f8   Data          88  main.o(.bss.hspi2)
    htim1                                    0x20000150   Data          72  main.o(.bss.htim1)
    htim2                                    0x20000198   Data          72  main.o(.bss.htim2)
    htim3                                    0x200001e0   Data          72  main.o(.bss.htim3)
    htim4                                    0x20000228   Data          72  main.o(.bss.htim4)
    huart3                                   0x20000270   Data          72  main.o(.bss.huart3)
    left_output                              0x200002b8   Data           4  motor.o(.bss.left_output)
    offset_x                                 0x200002bc   Data           4  gyro_6500.o(.bss.offset_x)
    offset_y                                 0x200002c0   Data           4  gyro_6500.o(.bss.offset_y)
    offset_z                                 0x200002c4   Data           4  gyro_6500.o(.bss.offset_z)
    real_pos_increment                       0x200002c8   Data           4  encoder.o(.bss.real_pos_increment)
    real_position                            0x200002cc   Data           4  encoder.o(.bss.real_position)
    right_output                             0x200002d0   Data           4  motor.o(.bss.right_output)
    rotation                                 0x200002d4   Data          36  profile.o(.bss.rotation)
    s_rot_error                              0x20000304   Data           4  motor.o(.bss.s_rot_error)
    uwTick                                   0x20000324   Data           4  stm32f1xx_hal.o(.bss.uwTick)
    v_fwd                                    0x20000328   Data           4  motor.o(.bss.v_fwd)
    v_rot                                    0x2000032c   Data           4  motor.o(.bss.v_rot)
    wall_error                               0x20000330   Data           4  sensor.o(.bss.wall_error)



==============================================================================

Memory Map of the image

  Image Entry point : 0x080000ed

  Load Region LR_IROM1 (Base: 0x08000000, Size: 0x00006688, Max: 0x00010000, ABSOLUTE)

    Execution Region ER_IROM1 (Exec base: 0x08000000, Load base: 0x08000000, Size: 0x00006674, Max: 0x00010000, ABSOLUTE)

    Exec Addr    Load Addr    Size         Type   Attr      Idx    E Section Name        Object

    0x08000000   0x08000000   0x000000ec   Data   RO            3    RESET               startup_stm32f103xb.o
    0x080000ec   0x080000ec   0x00000008   Code   RO         1390  * !!!main             c_w.l(__main.o)
    0x080000f4   0x080000f4   0x0000005c   Code   RO         1608    !!!scatter          c_w.l(__scatter.o)
    0x08000150   0x08000150   0x0000001a   Code   RO         1612    !!handler_copy      c_w.l(__scatter_copy.o)
    0x0800016a   0x0800016a   0x00000002   PAD
    0x0800016c   0x0800016c   0x00000002   Code   RO         1609    !!handler_null      c_w.l(__scatter.o)
    0x0800016e   0x0800016e   0x00000002   PAD
    0x08000170   0x08000170   0x0000001c   Code   RO         1614    !!handler_zi        c_w.l(__scatter_zi.o)
    0x0800018c   0x0800018c   0x00000002   Code   RO         1470    .ARM.Collect$$libinit$$00000000  c_w.l(libinit.o)
    0x0800018e   0x0800018e   0x00000000   Code   RO         1477    .ARM.Collect$$libinit$$00000002  c_w.l(libinit2.o)
    0x0800018e   0x0800018e   0x00000000   Code   RO         1479    .ARM.Collect$$libinit$$00000004  c_w.l(libinit2.o)
    0x0800018e   0x0800018e   0x00000000   Code   RO         1481    .ARM.Collect$$libinit$$00000006  c_w.l(libinit2.o)
    0x0800018e   0x0800018e   0x00000000   Code   RO         1484    .ARM.Collect$$libinit$$0000000C  c_w.l(libinit2.o)
    0x0800018e   0x0800018e   0x00000000   Code   RO         1486    .ARM.Collect$$libinit$$0000000E  c_w.l(libinit2.o)
    0x0800018e   0x0800018e   0x00000000   Code   RO         1488    .ARM.Collect$$libinit$$00000010  c_w.l(libinit2.o)
    0x0800018e   0x0800018e   0x00000000   Code   RO         1491    .ARM.Collect$$libinit$$00000013  c_w.l(libinit2.o)
    0x0800018e   0x0800018e   0x00000000   Code   RO         1493    .ARM.Collect$$libinit$$00000015  c_w.l(libinit2.o)
    0x0800018e   0x0800018e   0x00000000   Code   RO         1495    .ARM.Collect$$libinit$$00000017  c_w.l(libinit2.o)
    0x0800018e   0x0800018e   0x00000000   Code   RO         1497    .ARM.Collect$$libinit$$00000019  c_w.l(libinit2.o)
    0x0800018e   0x0800018e   0x00000000   Code   RO         1499    .ARM.Collect$$libinit$$0000001B  c_w.l(libinit2.o)
    0x0800018e   0x0800018e   0x00000000   Code   RO         1501    .ARM.Collect$$libinit$$0000001D  c_w.l(libinit2.o)
    0x0800018e   0x0800018e   0x00000000   Code   RO         1503    .ARM.Collect$$libinit$$0000001F  c_w.l(libinit2.o)
    0x0800018e   0x0800018e   0x00000000   Code   RO         1505    .ARM.Collect$$libinit$$00000021  c_w.l(libinit2.o)
    0x0800018e   0x0800018e   0x00000000   Code   RO         1507    .ARM.Collect$$libinit$$00000023  c_w.l(libinit2.o)
    0x0800018e   0x0800018e   0x00000000   Code   RO         1509    .ARM.Collect$$libinit$$00000025  c_w.l(libinit2.o)
    0x0800018e   0x0800018e   0x00000000   Code   RO         1511    .ARM.Collect$$libinit$$00000027  c_w.l(libinit2.o)
    0x0800018e   0x0800018e   0x00000000   Code   RO         1515    .ARM.Collect$$libinit$$0000002E  c_w.l(libinit2.o)
    0x0800018e   0x0800018e   0x00000000   Code   RO         1517    .ARM.Collect$$libinit$$00000030  c_w.l(libinit2.o)
    0x0800018e   0x0800018e   0x00000000   Code   RO         1519    .ARM.Collect$$libinit$$00000032  c_w.l(libinit2.o)
    0x0800018e   0x0800018e   0x00000000   Code   RO         1521    .ARM.Collect$$libinit$$00000034  c_w.l(libinit2.o)
    0x0800018e   0x0800018e   0x00000002   Code   RO         1522    .ARM.Collect$$libinit$$00000035  c_w.l(libinit2.o)
    0x08000190   0x08000190   0x00000002   Code   RO         1544    .ARM.Collect$$libshutdown$$00000000  c_w.l(libshutdown.o)
    0x08000192   0x08000192   0x00000000   Code   RO         1559    .ARM.Collect$$libshutdown$$00000002  c_w.l(libshutdown2.o)
    0x08000192   0x08000192   0x00000000   Code   RO         1561    .ARM.Collect$$libshutdown$$00000004  c_w.l(libshutdown2.o)
    0x08000192   0x08000192   0x00000000   Code   RO         1564    .ARM.Collect$$libshutdown$$00000007  c_w.l(libshutdown2.o)
    0x08000192   0x08000192   0x00000000   Code   RO         1567    .ARM.Collect$$libshutdown$$0000000A  c_w.l(libshutdown2.o)
    0x08000192   0x08000192   0x00000000   Code   RO         1569    .ARM.Collect$$libshutdown$$0000000C  c_w.l(libshutdown2.o)
    0x08000192   0x08000192   0x00000000   Code   RO         1572    .ARM.Collect$$libshutdown$$0000000F  c_w.l(libshutdown2.o)
    0x08000192   0x08000192   0x00000002   Code   RO         1573    .ARM.Collect$$libshutdown$$00000010  c_w.l(libshutdown2.o)
    0x08000194   0x08000194   0x00000000   Code   RO         1428    .ARM.Collect$$rtentry$$00000000  c_w.l(__rtentry.o)
    0x08000194   0x08000194   0x00000000   Code   RO         1445    .ARM.Collect$$rtentry$$00000002  c_w.l(__rtentry2.o)
    0x08000194   0x08000194   0x00000006   Code   RO         1457    .ARM.Collect$$rtentry$$00000004  c_w.l(__rtentry4.o)
    0x0800019a   0x0800019a   0x00000000   Code   RO         1447    .ARM.Collect$$rtentry$$00000009  c_w.l(__rtentry2.o)
    0x0800019a   0x0800019a   0x00000004   Code   RO         1448    .ARM.Collect$$rtentry$$0000000A  c_w.l(__rtentry2.o)
    0x0800019e   0x0800019e   0x00000000   Code   RO         1450    .ARM.Collect$$rtentry$$0000000C  c_w.l(__rtentry2.o)
    0x0800019e   0x0800019e   0x00000008   Code   RO         1451    .ARM.Collect$$rtentry$$0000000D  c_w.l(__rtentry2.o)
    0x080001a6   0x080001a6   0x00000002   Code   RO         1474    .ARM.Collect$$rtexit$$00000000  c_w.l(rtexit.o)
    0x080001a8   0x080001a8   0x00000000   Code   RO         1524    .ARM.Collect$$rtexit$$00000002  c_w.l(rtexit2.o)
    0x080001a8   0x080001a8   0x00000004   Code   RO         1525    .ARM.Collect$$rtexit$$00000003  c_w.l(rtexit2.o)
    0x080001ac   0x080001ac   0x00000006   Code   RO         1526    .ARM.Collect$$rtexit$$00000004  c_w.l(rtexit2.o)
    0x080001b2   0x080001b2   0x00000002   PAD
    0x080001b4   0x080001b4   0x00000040   Code   RO            4    .text               startup_stm32f103xb.o
    0x080001f4   0x080001f4   0x0000004e   Code   RO         1386    .text               c_w.l(rt_memclr_w.o)
    0x08000242   0x08000242   0x00000006   Code   RO         1388    .text               c_w.l(heapauxi.o)
    0x08000248   0x08000248   0x0000004a   Code   RO         1461    .text               c_w.l(sys_stackheap_outer.o)
    0x08000292   0x08000292   0x00000012   Code   RO         1463    .text               c_w.l(exit.o)
    0x080002a4   0x080002a4   0x00000008   Code   RO         1471    .text               c_w.l(libspace.o)
    0x080002ac   0x080002ac   0x0000000c   Code   RO         1534    .text               c_w.l(sys_exit.o)
    0x080002b8   0x080002b8   0x00000002   Code   RO         1549    .text               c_w.l(use_no_semi.o)
    0x080002ba   0x080002ba   0x00000000   Code   RO         1551    .text               c_w.l(indicate_semi.o)
    0x080002ba   0x080002ba   0x00000002   PAD
    0x080002bc   0x080002bc   0x00000082   Code   RO          130    .text.ADC_ConversionStop_Disable  stm32f1xx_hal_adc.o
    0x0800033e   0x0800033e   0x00000002   PAD
    0x08000340   0x08000340   0x000000bc   Code   RO          138    .text.ADC_Enable    stm32f1xx_hal_adc.o
    0x080003fc   0x080003fc   0x00000004   Code   RO           61    .text.BusFault_Handler  stm32f1xx_it.o
    0x08000400   0x08000400   0x00000002   Code   RO           67    .text.DebugMon_Handler  stm32f1xx_it.o
    0x08000402   0x08000402   0x00000002   PAD
    0x08000404   0x08000404   0x00000026   Code   RO         1237    .text.Encoder_Init  encoder.o
    0x0800042a   0x0800042a   0x00000002   PAD
    0x0800042c   0x0800042c   0x00000052   Code   RO         1245    .text.Encoder_Update  encoder.o
    0x0800047e   0x0800047e   0x00000002   PAD
    0x08000480   0x08000480   0x0000000e   Code   RO           33    .text.Error_Handler  main.o
    0x0800048e   0x0800048e   0x00000002   PAD
    0x08000490   0x08000490   0x0000004a   Code   RO         1204    .text.Get_Braking_Distance  profile.o
    0x080004da   0x080004da   0x00000002   PAD
    0x080004dc   0x080004dc   0x00000034   Code   RO         1247    .text.Get_Delta_Encoder_Left  encoder.o
    0x08000510   0x08000510   0x00000034   Code   RO         1249    .text.Get_Delta_Encoder_Right  encoder.o
    0x08000544   0x08000544   0x000000d0   Code   RO         1319    .text.Get_Sensor_Value  sensor.o
    0x08000614   0x08000614   0x00000326   Code   RO          209    .text.HAL_ADCEx_InjectedConfigChannel  stm32f1xx_hal_adc_ex.o
    0x0800093a   0x0800093a   0x00000002   PAD
    0x0800093c   0x0800093c   0x00000050   Code   RO          203    .text.HAL_ADCEx_InjectedGetValue  stm32f1xx_hal_adc_ex.o
    0x0800098c   0x0800098c   0x0000014a   Code   RO          189    .text.HAL_ADCEx_InjectedStart  stm32f1xx_hal_adc_ex.o
    0x08000ad6   0x08000ad6   0x00000002   PAD
    0x08000ad8   0x08000ad8   0x000001b4   Code   RO          172    .text.HAL_ADC_ConfigChannel  stm32f1xx_hal_adc.o
    0x08000c8c   0x08000c8c   0x00000212   Code   RO          126    .text.HAL_ADC_Init  stm32f1xx_hal_adc.o
    0x08000e9e   0x08000e9e   0x00000002   PAD
    0x08000ea0   0x08000ea0   0x0000007a   Code   RO           84    .text.HAL_ADC_MspInit  stm32f1xx_hal_msp.o
    0x08000f1a   0x08000f1a   0x00000002   PAD
    0x08000f1c   0x08000f1c   0x00000042   Code   RO          240    .text.HAL_Delay     stm32f1xx_hal.o
    0x08000f5e   0x08000f5e   0x00000002   PAD
    0x08000f60   0x08000f60   0x0000031e   Code   RO          334    .text.HAL_GPIO_Init  stm32f1xx_hal_gpio.o
    0x0800127e   0x0800127e   0x00000002   PAD
    0x08001280   0x08001280   0x0000002e   Code   RO          340    .text.HAL_GPIO_WritePin  stm32f1xx_hal_gpio.o
    0x080012ae   0x080012ae   0x00000002   PAD
    0x080012b0   0x080012b0   0x0000000c   Code   RO          232    .text.HAL_GetTick   stm32f1xx_hal.o
    0x080012bc   0x080012bc   0x0000001a   Code   RO          230    .text.HAL_IncTick   stm32f1xx_hal.o
    0x080012d6   0x080012d6   0x00000002   PAD
    0x080012d8   0x080012d8   0x00000026   Code   RO          220    .text.HAL_Init      stm32f1xx_hal.o
    0x080012fe   0x080012fe   0x00000002   PAD
    0x08001300   0x08001300   0x00000070   Code   RO          222    .text.HAL_InitTick  stm32f1xx_hal.o
    0x08001370   0x08001370   0x00000064   Code   RO           82    .text.HAL_MspInit   stm32f1xx_hal_msp.o
    0x080013d4   0x080013d4   0x00000014   Code   RO          402    .text.HAL_NVIC_EnableIRQ  stm32f1xx_hal_cortex.o
    0x080013e8   0x080013e8   0x00000032   Code   RO          394    .text.HAL_NVIC_SetPriority  stm32f1xx_hal_cortex.o
    0x0800141a   0x0800141a   0x00000002   PAD
    0x0800141c   0x0800141c   0x00000010   Code   RO          390    .text.HAL_NVIC_SetPriorityGrouping  stm32f1xx_hal_cortex.o
    0x0800142c   0x0800142c   0x000001c8   Code   RO          319    .text.HAL_RCCEx_PeriphCLKConfig  stm32f1xx_hal_rcc_ex.o
    0x080015f4   0x080015f4   0x00000256   Code   RO          286    .text.HAL_RCC_ClockConfig  stm32f1xx_hal_rcc.o
    0x0800184a   0x0800184a   0x00000002   PAD
    0x0800184c   0x0800184c   0x0000000c   Code   RO          296    .text.HAL_RCC_GetHCLKFreq  stm32f1xx_hal_rcc.o
    0x08001858   0x08001858   0x00000022   Code   RO          298    .text.HAL_RCC_GetPCLK1Freq  stm32f1xx_hal_rcc.o
    0x0800187a   0x0800187a   0x00000002   PAD
    0x0800187c   0x0800187c   0x00000022   Code   RO          300    .text.HAL_RCC_GetPCLK2Freq  stm32f1xx_hal_rcc.o
    0x0800189e   0x0800189e   0x00000002   PAD
    0x080018a0   0x080018a0   0x000000bc   Code   RO          288    .text.HAL_RCC_GetSysClockFreq  stm32f1xx_hal_rcc.o
    0x0800195c   0x0800195c   0x0000067a   Code   RO          282    .text.HAL_RCC_OscConfig  stm32f1xx_hal_rcc.o
    0x08001fd6   0x08001fd6   0x00000002   PAD
    0x08001fd8   0x08001fd8   0x000000fa   Code   RO          598    .text.HAL_SPI_Init  stm32f1xx_hal_spi.o
    0x080020d2   0x080020d2   0x00000002   PAD
    0x080020d4   0x080020d4   0x00000098   Code   RO           88    .text.HAL_SPI_MspInit  stm32f1xx_hal_msp.o
    0x0800216c   0x0800216c   0x0000024e   Code   RO          610    .text.HAL_SPI_Receive  stm32f1xx_hal_spi.o
    0x080023ba   0x080023ba   0x00000002   PAD
    0x080023bc   0x080023bc   0x000002a2   Code   RO          606    .text.HAL_SPI_Transmit  stm32f1xx_hal_spi.o
    0x0800265e   0x0800265e   0x00000002   PAD
    0x08002660   0x08002660   0x000003a2   Code   RO          612    .text.HAL_SPI_TransmitReceive  stm32f1xx_hal_spi.o
    0x08002a02   0x08002a02   0x00000002   PAD
    0x08002a04   0x08002a04   0x00000042   Code   RO           11    .text.HAL_SYSTICK_Callback  main.o
    0x08002a46   0x08002a46   0x00000002   PAD
    0x08002a48   0x08002a48   0x00000010   Code   RO          414    .text.HAL_SYSTICK_Config  stm32f1xx_hal_cortex.o
    0x08002a58   0x08002a58   0x00000008   Code   RO          444    .text.HAL_SYSTICK_IRQHandler  stm32f1xx_hal_cortex.o
    0x08002a60   0x08002a60   0x00000008   Code   RO         1038    .text.HAL_TIMEx_BreakCallback  stm32f1xx_hal_tim_ex.o
    0x08002a68   0x08002a68   0x00000008   Code   RO         1034    .text.HAL_TIMEx_CommutCallback  stm32f1xx_hal_tim_ex.o
    0x08002a70   0x08002a70   0x000000dc   Code   RO         1028    .text.HAL_TIMEx_MasterConfigSynchronization  stm32f1xx_hal_tim_ex.o
    0x08002b4c   0x08002b4c   0x0000009c   Code   RO          715    .text.HAL_TIM_Base_Init  stm32f1xx_hal_tim.o
    0x08002be8   0x08002be8   0x00000082   Code   RO           92    .text.HAL_TIM_Base_MspInit  stm32f1xx_hal_msp.o
    0x08002c6a   0x08002c6a   0x00000002   PAD
    0x08002c6c   0x08002c6c   0x000000b0   Code   RO          729    .text.HAL_TIM_Base_Start_IT  stm32f1xx_hal_tim.o
    0x08002d1c   0x08002d1c   0x00000184   Code   RO          907    .text.HAL_TIM_ConfigClockSource  stm32f1xx_hal_tim.o
    0x08002ea0   0x08002ea0   0x00000128   Code   RO          829    .text.HAL_TIM_Encoder_Init  stm32f1xx_hal_tim.o
    0x08002fc8   0x08002fc8   0x0000014e   Code   RO           94    .text.HAL_TIM_Encoder_MspInit  stm32f1xx_hal_msp.o
    0x08003116   0x08003116   0x00000002   PAD
    0x08003118   0x08003118   0x0000014e   Code   RO          837    .text.HAL_TIM_Encoder_Start  stm32f1xx_hal_tim.o
    0x08003266   0x08003266   0x00000002   PAD
    0x08003268   0x08003268   0x00000008   Code   RO          851    .text.HAL_TIM_IC_CaptureCallback  stm32f1xx_hal_tim.o
    0x08003270   0x08003270   0x0000021a   Code   RO          849    .text.HAL_TIM_IRQHandler  stm32f1xx_hal_tim.o
    0x0800348a   0x0800348a   0x00000002   PAD
    0x0800348c   0x0800348c   0x00000098   Code   RO           96    .text.HAL_TIM_MspPostInit  stm32f1xx_hal_msp.o
    0x08003524   0x08003524   0x00000008   Code   RO          853    .text.HAL_TIM_OC_DelayElapsedCallback  stm32f1xx_hal_tim.o
    0x0800352c   0x0800352c   0x00000142   Code   RO          881    .text.HAL_TIM_PWM_ConfigChannel  stm32f1xx_hal_tim.o
    0x0800366e   0x0800366e   0x00000002   PAD
    0x08003670   0x08003670   0x0000009c   Code   RO          769    .text.HAL_TIM_PWM_Init  stm32f1xx_hal_tim.o
    0x0800370c   0x0800370c   0x00000008   Code   RO          771    .text.HAL_TIM_PWM_MspInit  stm32f1xx_hal_tim.o
    0x08003714   0x08003714   0x00000008   Code   RO          855    .text.HAL_TIM_PWM_PulseFinishedCallback  stm32f1xx_hal_tim.o
    0x0800371c   0x0800371c   0x00000160   Code   RO          777    .text.HAL_TIM_PWM_Start  stm32f1xx_hal_tim.o
    0x0800387c   0x0800387c   0x00000022   Code   RO         1315    .text.HAL_TIM_PeriodElapsedCallback  sensor.o
    0x0800389e   0x0800389e   0x00000002   PAD
    0x080038a0   0x080038a0   0x00000008   Code   RO          859    .text.HAL_TIM_TriggerCallback  stm32f1xx_hal_tim.o
    0x080038a8   0x080038a8   0x0000009e   Code   RO         1051    .text.HAL_UART_Init  stm32f1xx_hal_uart.o
    0x08003946   0x08003946   0x00000002   PAD
    0x08003948   0x08003948   0x00000098   Code   RO          102    .text.HAL_UART_MspInit  stm32f1xx_hal_msp.o
    0x080039e0   0x080039e0   0x00000004   Code   RO           57    .text.HardFault_Handler  stm32f1xx_it.o
    0x080039e4   0x080039e4   0x000000a4   Code   RO         1355    .text.MPU_Calibrate  gyro_6500.o
    0x08003a88   0x08003a88   0x00000050   Code   RO         1347    .text.MPU_Init      gyro_6500.o
    0x08003ad8   0x08003ad8   0x00000066   Code   RO         1351    .text.MPU_Read      gyro_6500.o
    0x08003b3e   0x08003b3e   0x00000002   PAD
    0x08003b40   0x08003b40   0x00000068   Code   RO         1353    .text.MPU_ReadGyroRaw  gyro_6500.o
    0x08003ba8   0x08003ba8   0x00000104   Code   RO         1357    .text.MPU_Update    gyro_6500.o
    0x08003cac   0x08003cac   0x00000056   Code   RO         1349    .text.MPU_Write     gyro_6500.o
    0x08003d02   0x08003d02   0x00000002   PAD
    0x08003d04   0x08003d04   0x00000116   Code   RO           29    .text.MX_ADC1_Init  main.o
    0x08003e1a   0x08003e1a   0x00000002   PAD
    0x08003e1c   0x08003e1c   0x000000d8   Code   RO           17    .text.MX_GPIO_Init  main.o
    0x08003ef4   0x08003ef4   0x0000004e   Code   RO           27    .text.MX_SPI2_Init  main.o
    0x08003f42   0x08003f42   0x00000002   PAD
    0x08003f44   0x08003f44   0x00000086   Code   RO           21    .text.MX_TIM1_Init  main.o
    0x08003fca   0x08003fca   0x00000002   PAD
    0x08003fcc   0x08003fcc   0x0000007a   Code   RO           23    .text.MX_TIM2_Init  main.o
    0x08004046   0x08004046   0x00000002   PAD
    0x08004048   0x08004048   0x00000126   Code   RO           19    .text.MX_TIM3_Init  main.o
    0x0800416e   0x0800416e   0x00000002   PAD
    0x08004170   0x08004170   0x0000007e   Code   RO           25    .text.MX_TIM4_Init  main.o
    0x080041ee   0x080041ee   0x00000002   PAD
    0x080041f0   0x080041f0   0x00000040   Code   RO           31    .text.MX_USART3_UART_Init  main.o
    0x08004230   0x08004230   0x00000004   Code   RO           59    .text.MemManage_Handler  stm32f1xx_it.o
    0x08004234   0x08004234   0x00000030   Code   RO         1266    .text.Motor_Init    motor.o
    0x08004264   0x08004264   0x00000068   Code   RO         1268    .text.Motor_Left    motor.o
    0x080042cc   0x080042cc   0x00000068   Code   RO         1270    .text.Motor_Right   motor.o
    0x08004334   0x08004334   0x00000016   Code   RO         1272    .text.Motor_Stop    motor.o
    0x0800434a   0x0800434a   0x00000002   PAD
    0x0800434c   0x0800434c   0x00000004   Code   RO           55    .text.NMI_Handler   stm32f1xx_it.o
    0x08004350   0x08004350   0x0000006c   Code   RO          400    .text.NVIC_EncodePriority  stm32f1xx_hal_cortex.o
    0x080043bc   0x080043bc   0x00000002   Code   RO           69    .text.PendSV_Handler  stm32f1xx_it.o
    0x080043be   0x080043be   0x00000002   PAD
    0x080043c0   0x080043c0   0x0000003a   Code   RO          284    .text.RCC_Delay     stm32f1xx_hal_rcc.o
    0x080043fa   0x080043fa   0x00000002   PAD
    0x080043fc   0x080043fc   0x0000001a   Code   RO         1363    .text.Real_Ang_Increment  gyro_6500.o
    0x08004416   0x08004416   0x00000002   PAD
    0x08004418   0x08004418   0x0000000c   Code   RO         1251    .text.Real_Pos_Increment  encoder.o
    0x08004424   0x08004424   0x00000028   Code   RO         1198    .text.Reset_Forward  profile.o
    0x0800444c   0x0800444c   0x00000028   Code   RO         1196    .text.Reset_Rotation  profile.o
    0x08004474   0x08004474   0x000000b8   Code   RO          614    .text.SPI_EndRxTransaction  stm32f1xx_hal_spi.o
    0x0800452c   0x0800452c   0x0000006a   Code   RO          608    .text.SPI_EndRxTxTransaction  stm32f1xx_hal_spi.o
    0x08004596   0x08004596   0x00000002   PAD
    0x08004598   0x08004598   0x0000012a   Code   RO          706    .text.SPI_WaitFlagStateUntilTimeout  stm32f1xx_hal_spi.o
    0x080046c2   0x080046c2   0x00000002   PAD
    0x080046c4   0x080046c4   0x00000002   Code   RO           65    .text.SVC_Handler   stm32f1xx_it.o
    0x080046c6   0x080046c6   0x00000002   PAD
    0x080046c8   0x080046c8   0x000000be   Code   RO         1200    .text.Start         profile.o
    0x08004786   0x08004786   0x00000002   PAD
    0x08004788   0x08004788   0x00000052   Code   RO          416    .text.SysTick_Config  stm32f1xx_hal_cortex.o
    0x080047da   0x080047da   0x00000002   PAD
    0x080047dc   0x080047dc   0x0000000c   Code   RO           71    .text.SysTick_Handler  stm32f1xx_it.o
    0x080047e8   0x080047e8   0x00000090   Code   RO           15    .text.SystemClock_Config  main.o
    0x08004878   0x08004878   0x00000002   Code   RO         1182    .text.SystemInit    system_stm32f1xx.o
    0x0800487a   0x0800487a   0x00000002   PAD
    0x0800487c   0x0800487c   0x00000010   Code   RO           73    .text.TIM1_UP_IRQHandler  stm32f1xx_it.o
    0x0800488c   0x0800488c   0x00000106   Code   RO          719    .text.TIM_Base_SetConfig  stm32f1xx_hal_tim.o
    0x08004992   0x08004992   0x00000002   PAD
    0x08004994   0x08004994   0x00000036   Code   RO          753    .text.TIM_CCxChannelCmd  stm32f1xx_hal_tim.o
    0x080049ca   0x080049ca   0x00000002   PAD
    0x080049cc   0x080049cc   0x00000034   Code   RO          905    .text.TIM_ETR_SetConfig  stm32f1xx_hal_tim.o
    0x08004a00   0x08004a00   0x0000002a   Code   RO          911    .text.TIM_ITRx_SetConfig  stm32f1xx_hal_tim.o
    0x08004a2a   0x08004a2a   0x00000002   PAD
    0x08004a2c   0x08004a2c   0x000000ce   Code   RO          863    .text.TIM_OC1_SetConfig  stm32f1xx_hal_tim.o
    0x08004afa   0x08004afa   0x00000002   PAD
    0x08004afc   0x08004afc   0x000000d8   Code   RO          865    .text.TIM_OC2_SetConfig  stm32f1xx_hal_tim.o
    0x08004bd4   0x08004bd4   0x000000d6   Code   RO          867    .text.TIM_OC3_SetConfig  stm32f1xx_hal_tim.o
    0x08004caa   0x08004caa   0x00000002   PAD
    0x08004cac   0x08004cac   0x00000096   Code   RO          869    .text.TIM_OC4_SetConfig  stm32f1xx_hal_tim.o
    0x08004d42   0x08004d42   0x00000002   PAD
    0x08004d44   0x08004d44   0x00000050   Code   RO          909    .text.TIM_TI1_ConfigInputStage  stm32f1xx_hal_tim.o
    0x08004d94   0x08004d94   0x00000052   Code   RO          913    .text.TIM_TI2_ConfigInputStage  stm32f1xx_hal_tim.o
    0x08004de6   0x08004de6   0x00000002   PAD
    0x08004de8   0x08004de8   0x000000ba   Code   RO         1055    .text.UART_SetConfig  stm32f1xx_hal_uart.o
    0x08004ea2   0x08004ea2   0x00000002   PAD
    0x08004ea4   0x08004ea4   0x00000150   Code   RO         1202    .text.Update        profile.o
    0x08004ff4   0x08004ff4   0x00000004   Code   RO           63    .text.UsageFault_Handler  stm32f1xx_it.o
    0x08004ff8   0x08004ff8   0x00000030   Code   RO          404    .text.__NVIC_EnableIRQ  stm32f1xx_hal_cortex.o
    0x08005028   0x08005028   0x00000010   Code   RO          396    .text.__NVIC_GetPriorityGrouping  stm32f1xx_hal_cortex.o
    0x08005038   0x08005038   0x00000042   Code   RO          398    .text.__NVIC_SetPriority  stm32f1xx_hal_cortex.o
    0x0800507a   0x0800507a   0x00000002   PAD
    0x0800507c   0x0800507c   0x0000003c   Code   RO          392    .text.__NVIC_SetPriorityGrouping  stm32f1xx_hal_cortex.o
    0x080050b8   0x080050b8   0x00000090   Code   RO         1278    .text.angle_controller  motor.o
    0x08005148   0x08005148   0x00000076   Code   RO         1325    .text.emitter_off   sensor.o
    0x080051be   0x080051be   0x00000002   PAD
    0x080051c0   0x080051c0   0x00000076   Code   RO         1323    .text.emitter_on    sensor.o
    0x08005236   0x08005236   0x00000002   PAD
    0x08005238   0x08005238   0x0000001e   Code   RO         1216    .text.increment     profile.o
    0x08005256   0x08005256   0x00000002   PAD
    0x08005258   0x08005258   0x00000014   Code   RO         1208    .text.is_finished   profile.o
    0x0800526c   0x0800526c   0x000000aa   Code   RO           13    .text.main          main.o
    0x08005316   0x08005316   0x00000002   PAD
    0x08005318   0x08005318   0x00000072   Code   RO         1301    .text.move_forward  motion.o
    0x0800538a   0x0800538a   0x00000002   PAD
    0x0800538c   0x0800538c   0x00000084   Code   RO         1276    .text.position_controller  motor.o
    0x08005410   0x08005410   0x0000002c   Code   RO         1274    .text.reset_motor_controller  motor.o
    0x0800543c   0x0800543c   0x0000010e   Code   RO         1317    .text.sm_emitter_adc  sensor.o
    0x0800554a   0x0800554a   0x00000002   PAD
    0x0800554c   0x0800554c   0x00000066   Code   RO         1305    .text.turn_L_smooth  motion.o
    0x080055b2   0x080055b2   0x00000002   PAD
    0x080055b4   0x080055b4   0x00000242   Code   RO         1280    .text.update_motor_controllers  motor.o
    0x080057f6   0x080057f6   0x00000002   PAD
    0x080057f8   0x080057f8   0x00000178   Code   RO         1321    .text.update_wall_sensor  sensor.o
    0x08005970   0x08005970   0x00000062   Code   RO         1392    x$fpl$d2f           fz_ws.l(d2f.o)
    0x080059d2   0x080059d2   0x00000002   PAD
    0x080059d4   0x080059d4   0x00000150   Code   RO         1394    x$fpl$dadd          fz_ws.l(daddsub_clz.o)
    0x08005b24   0x08005b24   0x00000154   Code   RO         1400    x$fpl$dmul          fz_ws.l(dmul.o)
    0x08005c78   0x08005c78   0x0000009c   Code   RO         1429    x$fpl$dnaninf       fz_ws.l(dnaninf.o)
    0x08005d14   0x08005d14   0x0000000c   Code   RO         1431    x$fpl$dretinf       fz_ws.l(dretinf.o)
    0x08005d20   0x08005d20   0x000001dc   Code   RO         1396    x$fpl$dsub          fz_ws.l(daddsub_clz.o)
    0x08005efc   0x08005efc   0x00000056   Code   RO         1402    x$fpl$f2d           fz_ws.l(f2d.o)
    0x08005f52   0x08005f52   0x00000002   PAD
    0x08005f54   0x08005f54   0x000000c4   Code   RO         1404    x$fpl$fadd          fz_ws.l(faddsub_clz.o)
    0x08006018   0x08006018   0x00000054   Code   RO         1410    x$fpl$fcmp          fz_ws.l(fcmp.o)
    0x0800606c   0x0800606c   0x00000018   Code   RO         1459    x$fpl$fcmpinf       fz_ws.l(fcmpi.o)
    0x08006084   0x08006084   0x00000184   Code   RO         1413    x$fpl$fdiv          fz_ws.l(fdiv.o)
    0x08006208   0x08006208   0x00000068   Code   RO         1433    x$fpl$feqf          fz_ws.l(feqf.o)
    0x08006270   0x08006270   0x00000036   Code   RO         1416    x$fpl$ffix          fz_ws.l(ffix.o)
    0x080062a6   0x080062a6   0x00000002   PAD
    0x080062a8   0x080062a8   0x00000030   Code   RO         1421    x$fpl$fflt          fz_ws.l(fflt_clz.o)
    0x080062d8   0x080062d8   0x00000068   Code   RO         1435    x$fpl$fgeqf         fz_ws.l(fgeqf.o)
    0x08006340   0x08006340   0x00000068   Code   RO         1437    x$fpl$fleqf         fz_ws.l(fleqf.o)
    0x080063a8   0x080063a8   0x00000102   Code   RO         1426    x$fpl$fmul          fz_ws.l(fmul.o)
    0x080064aa   0x080064aa   0x0000008c   Code   RO         1439    x$fpl$fnaninf       fz_ws.l(fnaninf.o)
    0x08006536   0x08006536   0x0000000a   Code   RO         1441    x$fpl$fretinf       fz_ws.l(fretinf.o)
    0x08006540   0x08006540   0x000000ea   Code   RO         1406    x$fpl$fsub          fz_ws.l(faddsub_clz.o)
    0x0800662a   0x0800662a   0x00000000   Code   RO         1443    x$fpl$usenofp       fz_ws.l(usenofp.o)
    0x0800662a   0x0800662a   0x00000010   Data   RO         1187    .rodata.AHBPrescTable  system_stm32f1xx.o
    0x0800663a   0x0800663a   0x00000008   Data   RO         1188    .rodata.APBPrescTable  system_stm32f1xx.o
    0x08006642   0x08006642   0x00000010   Data   RO          310    .rodata.HAL_RCC_GetSysClockFreq.aPLLMULFactorTable  stm32f1xx_hal_rcc.o
    0x08006652   0x08006652   0x00000002   Data   RO          311    .rodata.HAL_RCC_GetSysClockFreq.aPredivFactorTable  stm32f1xx_hal_rcc.o
    0x08006654   0x08006654   0x00000020   Data   RO         1607    Region$$Table       anon$$obj.o


    Execution Region RW_IRAM1 (Exec base: 0x20000000, Load base: 0x08006678, Size: 0x00000938, Max: 0x00005000, ABSOLUTE)

    Exec Addr    Load Addr    Size         Type   Attr      Idx    E Section Name        Object

    0x20000000   0x08006678   0x00000004   Data   RW         1186    .data.SystemCoreClock  system_stm32f1xx.o
    0x20000004   0x0800667c   0x00000001   Data   RW         1338    .data.sm_emitter_adc.emitter_status  sensor.o
    0x20000005   0x0800667d   0x00000001   Data   RW          271    .data.uwTickFreq    stm32f1xx_hal.o
    0x20000006   0x0800667e   0x00000002   PAD
    0x20000008   0x08006680   0x00000004   Data   RW          270    .data.uwTickPrio    stm32f1xx_hal.o
    0x2000000c   0x08006684   0x00000004   PAD
    0x20000010        -       0x00000060   Zero   RW         1472    .bss                c_w.l(libspace.o)
    0x20000070        -       0x00000002   Zero   RW         1334    .bss.FL             sensor.o
    0x20000072        -       0x00000002   Zero   RW         1331    .bss.FR             sensor.o
    0x20000074        -       0x00000002   Zero   RW         1257    .bss.Get_Delta_Encoder_Left.encoder_left_last  encoder.o
    0x20000076        -       0x00000002   Zero   RW         1258    .bss.Get_Delta_Encoder_Right.encoder_right_last  encoder.o
    0x20000078        -       0x00000004   Zero   RW         1371    .bss.Gx             gyro_6500.o
    0x2000007c        -       0x00000004   Zero   RW         1372    .bss.Gy             gyro_6500.o
    0x20000080        -       0x00000004   Zero   RW         1373    .bss.Gz             gyro_6500.o
    0x20000084        -       0x00000002   Zero   RW         1333    .bss.SL             sensor.o
    0x20000086        -       0x00000002   Zero   RW         1332    .bss.SR             sensor.o
    0x20000088        -       0x00000004   Zero   RW         1374    .bss.angle_x        gyro_6500.o
    0x2000008c        -       0x00000004   Zero   RW         1375    .bss.angle_y        gyro_6500.o
    0x20000090        -       0x00000004   Zero   RW         1376    .bss.angle_z        gyro_6500.o
    0x20000094        -       0x00000024   Zero   RW         1228    .bss.forward        profile.o
    0x200000b8        -       0x00000001   Zero   RW         1337    .bss.g_front_wall_present  sensor.o
    0x200000b9        -       0x00000001   Zero   RW         1335    .bss.g_left_wall_present  sensor.o
    0x200000ba        -       0x00000001   Zero   RW         1336    .bss.g_right_wall_present  sensor.o
    0x200000bb   0x08006684   0x00000001   PAD
    0x200000bc        -       0x00000004   Zero   RW         1365    .bss.gx             gyro_6500.o
    0x200000c0        -       0x00000004   Zero   RW         1366    .bss.gy             gyro_6500.o
    0x200000c4        -       0x00000004   Zero   RW         1367    .bss.gz             gyro_6500.o
    0x200000c8        -       0x00000030   Zero   RW           41    .bss.hadc1          main.o
    0x200000f8        -       0x00000058   Zero   RW           42    .bss.hspi2          main.o
    0x20000150        -       0x00000048   Zero   RW           40    .bss.htim1          main.o
    0x20000198        -       0x00000048   Zero   RW           43    .bss.htim2          main.o
    0x200001e0        -       0x00000048   Zero   RW           44    .bss.htim3          main.o
    0x20000228        -       0x00000048   Zero   RW           45    .bss.htim4          main.o
    0x20000270        -       0x00000048   Zero   RW           46    .bss.huart3         main.o
    0x200002b8        -       0x00000004   Zero   RW         1282    .bss.left_output    motor.o
    0x200002bc        -       0x00000004   Zero   RW         1368    .bss.offset_x       gyro_6500.o
    0x200002c0        -       0x00000004   Zero   RW         1369    .bss.offset_y       gyro_6500.o
    0x200002c4        -       0x00000004   Zero   RW         1370    .bss.offset_z       gyro_6500.o
    0x200002c8        -       0x00000004   Zero   RW         1256    .bss.real_pos_increment  encoder.o
    0x200002cc        -       0x00000004   Zero   RW         1255    .bss.real_position  encoder.o
    0x200002d0        -       0x00000004   Zero   RW         1283    .bss.right_output   motor.o
    0x200002d4        -       0x00000024   Zero   RW         1229    .bss.rotation       profile.o
    0x200002f8        -       0x00000004   Zero   RW         1284    .bss.s_fwd_error    motor.o
    0x200002fc        -       0x00000004   Zero   RW         1286    .bss.s_old_fwd_error  motor.o
    0x20000300        -       0x00000004   Zero   RW         1287    .bss.s_old_rot_error  motor.o
    0x20000304        -       0x00000004   Zero   RW         1285    .bss.s_rot_error    motor.o
    0x20000308        -       0x00000008   Zero   RW         1330    .bss.sensor_diff    sensor.o
    0x20000310        -       0x00000008   Zero   RW         1328    .bss.sensor_off     sensor.o
    0x20000318        -       0x00000008   Zero   RW         1329    .bss.sensor_on      sensor.o
    0x20000320        -       0x00000001   Zero   RW         1339    .bss.sm_emitter_adc.sensor_index  sensor.o
    0x20000321   0x08006684   0x00000003   PAD
    0x20000324        -       0x00000004   Zero   RW          272    .bss.uwTick         stm32f1xx_hal.o
    0x20000328        -       0x00000004   Zero   RW         1288    .bss.v_fwd          motor.o
    0x2000032c        -       0x00000004   Zero   RW         1289    .bss.v_rot          motor.o
    0x20000330        -       0x00000004   Zero   RW         1327    .bss.wall_error     sensor.o
    0x20000334   0x08006684   0x00000004   PAD
    0x20000338        -       0x00000200   Zero   RW            2    HEAP                startup_stm32f103xb.o
    0x20000538        -       0x00000400   Zero   RW            1    STACK               startup_stm32f103xb.o


==============================================================================

Image component sizes


      Code (inc. data)   RO Data    RW Data    ZI Data      Debug   Object Name

       236          0          0          0         12       1682   encoder.o
       822          0          0          0         48       2657   gyro_6500.o
      1706          0          0          0        496      11682   main.o
       216          0          0          0          0        836   motion.o
      1176          0          0          0         32       2298   motor.o
       730          0          0          0         72       3576   profile.o
      1124         12          0          1         40       5301   sensor.o
        64         26        236          0       1536        772   startup_stm32f103xb.o
       254          0          0          5          4       5534   stm32f1xx_hal.o
      1284          0          0          0          0       9373   stm32f1xx_hal_adc.o
      1216          8          0          0          0       7412   stm32f1xx_hal_adc_ex.o
       490          0          0          0          0       7520   stm32f1xx_hal_cortex.o
       844          0          0          0          0       4198   stm32f1xx_hal_gpio.o
      1142          0          0          0          0      10773   stm32f1xx_hal_msp.o
      2582          0         18          0          0       7399   stm32f1xx_hal_rcc.o
       456          0          0          0          0       3096   stm32f1xx_hal_rcc_ex.o
      3032          0          0          0          0      18905   stm32f1xx_hal_spi.o
      4116         14          0          0          0      35636   stm32f1xx_hal_tim.o
       236          0          0          0          0      15081   stm32f1xx_hal_tim_ex.o
       344          0          0          0          0      20025   stm32f1xx_hal_uart.o
        54          0          0          0          0       1084   stm32f1xx_it.o
         2          0         24          4          0       1541   system_stm32f1xx.o

    ----------------------------------------------------------------------
     22260         60        310         12       2252     176381   Object Totals
         0          0         32          0          0          0   (incl. Generated)
       134          0          0          2         12          0   (incl. Padding)

    ----------------------------------------------------------------------

      Code (inc. data)   RO Data    RW Data    ZI Data      Debug   Library Member Name

         8          0          0          0          0         68   __main.o
         0          0          0          0          0          0   __rtentry.o
        12          0          0          0          0          0   __rtentry2.o
         6          0          0          0          0          0   __rtentry4.o
        94          8          0          0          0          0   __scatter.o
        26          0          0          0          0          0   __scatter_copy.o
        28          0          0          0          0          0   __scatter_zi.o
        18          0          0          0          0         80   exit.o
         6          0          0          0          0        152   heapauxi.o
         0          0          0          0          0          0   indicate_semi.o
         2          0          0          0          0          0   libinit.o
         2          0          0          0          0          0   libinit2.o
         2          0          0          0          0          0   libshutdown.o
         2          0          0          0          0          0   libshutdown2.o
         8          4          0          0         96         68   libspace.o
        78          0          0          0          0         80   rt_memclr_w.o
         2          0          0          0          0          0   rtexit.o
        10          0          0          0          0          0   rtexit2.o
        12          4          0          0          0         68   sys_exit.o
        74          0          0          0          0         80   sys_stackheap_outer.o
         2          0          0          0          0         68   use_no_semi.o
        98          4          0          0          0         92   d2f.o
       812         16          0          0          0        296   daddsub_clz.o
       340         12          0          0          0        104   dmul.o
       156          4          0          0          0         92   dnaninf.o
        12          0          0          0          0         68   dretinf.o
        86          4          0          0          0         84   f2d.o
       430          8          0          0          0        168   faddsub_clz.o
        84          0          0          0          0        196   fcmp.o
        24          0          0          0          0         68   fcmpi.o
       388         76          0          0          0         96   fdiv.o
       104          4          0          0          0         84   feqf.o
        54          4          0          0          0         84   ffix.o
        48          0          0          0          0         68   fflt_clz.o
       104          4          0          0          0         84   fgeqf.o
       104          4          0          0          0         84   fleqf.o
       258          4          0          0          0         84   fmul.o
       140          4          0          0          0         84   fnaninf.o
        10          0          0          0          0         68   fretinf.o
         0          0          0          0          0          0   usenofp.o

    ----------------------------------------------------------------------
      3658        164          0          0         96       2568   Library Totals
        14          0          0          0          0          0   (incl. Padding)

    ----------------------------------------------------------------------

      Code (inc. data)   RO Data    RW Data    ZI Data      Debug   Library Name

       392         16          0          0         96        664   c_w.l
      3252        148          0          0          0       1904   fz_ws.l

    ----------------------------------------------------------------------
      3658        164          0          0         96       2568   Library Totals

    ----------------------------------------------------------------------

==============================================================================


      Code (inc. data)   RO Data    RW Data    ZI Data      Debug   

     25918        224        310         12       2348     177417   Grand Totals
     25918        224        310         12       2348     177417   ELF Image Totals
     25918        224        310         12          0          0   ROM Totals

==============================================================================

    Total RO  Size (Code + RO Data)                26228 (  25.61kB)
    Total RW  Size (RW Data + ZI Data)              2360 (   2.30kB)
    Total ROM Size (Code + RO Data + RW Data)      26240 (  25.62kB)

==============================================================================

